Archive member included to satisfy reference by file (symbol)

C:/ST/STM32CubeIDE_1.15.1/STM32CubeIDE/plugins/com.st.stm32cube.ide.mcu.externaltools.gnu-tools-for-stm32.12.3.rel1.win32_1.0.100.202403111256/tools/bin/../lib/gcc/arm-none-eabi/12.3.1/../../../../arm-none-eabi/lib/thumb/v7e-m+fp/hard\libc_nano.a(libc_a-exit.o)
                              C:/ST/STM32CubeIDE_1.15.1/STM32CubeIDE/plugins/com.st.stm32cube.ide.mcu.externaltools.gnu-tools-for-stm32.12.3.rel1.win32_1.0.100.202403111256/tools/bin/../lib/gcc/arm-none-eabi/12.3.1/../../../../arm-none-eabi/lib/thumb/v7e-m+fp/hard/crt0.o (exit)
C:/ST/STM32CubeIDE_1.15.1/STM32CubeIDE/plugins/com.st.stm32cube.ide.mcu.externaltools.gnu-tools-for-stm32.12.3.rel1.win32_1.0.100.202403111256/tools/bin/../lib/gcc/arm-none-eabi/12.3.1/../../../../arm-none-eabi/lib/thumb/v7e-m+fp/hard\libc_nano.a(libc_a-findfp.o)
                              C:/ST/STM32CubeIDE_1.15.1/STM32CubeIDE/plugins/com.st.stm32cube.ide.mcu.externaltools.gnu-tools-for-stm32.12.3.rel1.win32_1.0.100.202403111256/tools/bin/../lib/gcc/arm-none-eabi/12.3.1/../../../../arm-none-eabi/lib/thumb/v7e-m+fp/hard\libc_nano.a(libc_a-exit.o) (__stdio_exit_handler)
C:/ST/STM32CubeIDE_1.15.1/STM32CubeIDE/plugins/com.st.stm32cube.ide.mcu.externaltools.gnu-tools-for-stm32.12.3.rel1.win32_1.0.100.202403111256/tools/bin/../lib/gcc/arm-none-eabi/12.3.1/../../../../arm-none-eabi/lib/thumb/v7e-m+fp/hard\libc_nano.a(libc_a-fwalk.o)
                              C:/ST/STM32CubeIDE_1.15.1/STM32CubeIDE/plugins/com.st.stm32cube.ide.mcu.externaltools.gnu-tools-for-stm32.12.3.rel1.win32_1.0.100.202403111256/tools/bin/../lib/gcc/arm-none-eabi/12.3.1/../../../../arm-none-eabi/lib/thumb/v7e-m+fp/hard\libc_nano.a(libc_a-findfp.o) (_fwalk_sglue)
C:/ST/STM32CubeIDE_1.15.1/STM32CubeIDE/plugins/com.st.stm32cube.ide.mcu.externaltools.gnu-tools-for-stm32.12.3.rel1.win32_1.0.100.202403111256/tools/bin/../lib/gcc/arm-none-eabi/12.3.1/../../../../arm-none-eabi/lib/thumb/v7e-m+fp/hard\libc_nano.a(libc_a-stdio.o)
                              C:/ST/STM32CubeIDE_1.15.1/STM32CubeIDE/plugins/com.st.stm32cube.ide.mcu.externaltools.gnu-tools-for-stm32.12.3.rel1.win32_1.0.100.202403111256/tools/bin/../lib/gcc/arm-none-eabi/12.3.1/../../../../arm-none-eabi/lib/thumb/v7e-m+fp/hard\libc_nano.a(libc_a-findfp.o) (__sread)
C:/ST/STM32CubeIDE_1.15.1/STM32CubeIDE/plugins/com.st.stm32cube.ide.mcu.externaltools.gnu-tools-for-stm32.12.3.rel1.win32_1.0.100.202403111256/tools/bin/../lib/gcc/arm-none-eabi/12.3.1/../../../../arm-none-eabi/lib/thumb/v7e-m+fp/hard\libc_nano.a(libc_a-memset.o)
                              C:/ST/STM32CubeIDE_1.15.1/STM32CubeIDE/plugins/com.st.stm32cube.ide.mcu.externaltools.gnu-tools-for-stm32.12.3.rel1.win32_1.0.100.202403111256/tools/bin/../lib/gcc/arm-none-eabi/12.3.1/../../../../arm-none-eabi/lib/thumb/v7e-m+fp/hard/crt0.o (memset)
C:/ST/STM32CubeIDE_1.15.1/STM32CubeIDE/plugins/com.st.stm32cube.ide.mcu.externaltools.gnu-tools-for-stm32.12.3.rel1.win32_1.0.100.202403111256/tools/bin/../lib/gcc/arm-none-eabi/12.3.1/../../../../arm-none-eabi/lib/thumb/v7e-m+fp/hard\libc_nano.a(libc_a-closer.o)
                              C:/ST/STM32CubeIDE_1.15.1/STM32CubeIDE/plugins/com.st.stm32cube.ide.mcu.externaltools.gnu-tools-for-stm32.12.3.rel1.win32_1.0.100.202403111256/tools/bin/../lib/gcc/arm-none-eabi/12.3.1/../../../../arm-none-eabi/lib/thumb/v7e-m+fp/hard\libc_nano.a(libc_a-stdio.o) (_close_r)
C:/ST/STM32CubeIDE_1.15.1/STM32CubeIDE/plugins/com.st.stm32cube.ide.mcu.externaltools.gnu-tools-for-stm32.12.3.rel1.win32_1.0.100.202403111256/tools/bin/../lib/gcc/arm-none-eabi/12.3.1/../../../../arm-none-eabi/lib/thumb/v7e-m+fp/hard\libc_nano.a(libc_a-reent.o)
                              C:/ST/STM32CubeIDE_1.15.1/STM32CubeIDE/plugins/com.st.stm32cube.ide.mcu.externaltools.gnu-tools-for-stm32.12.3.rel1.win32_1.0.100.202403111256/tools/bin/../lib/gcc/arm-none-eabi/12.3.1/../../../../arm-none-eabi/lib/thumb/v7e-m+fp/hard\libc_nano.a(libc_a-closer.o) (errno)
C:/ST/STM32CubeIDE_1.15.1/STM32CubeIDE/plugins/com.st.stm32cube.ide.mcu.externaltools.gnu-tools-for-stm32.12.3.rel1.win32_1.0.100.202403111256/tools/bin/../lib/gcc/arm-none-eabi/12.3.1/../../../../arm-none-eabi/lib/thumb/v7e-m+fp/hard\libc_nano.a(libc_a-impure.o)
                              C:/ST/STM32CubeIDE_1.15.1/STM32CubeIDE/plugins/com.st.stm32cube.ide.mcu.externaltools.gnu-tools-for-stm32.12.3.rel1.win32_1.0.100.202403111256/tools/bin/../lib/gcc/arm-none-eabi/12.3.1/../../../../arm-none-eabi/lib/thumb/v7e-m+fp/hard\libc_nano.a(libc_a-reent.o) (_impure_ptr)
C:/ST/STM32CubeIDE_1.15.1/STM32CubeIDE/plugins/com.st.stm32cube.ide.mcu.externaltools.gnu-tools-for-stm32.12.3.rel1.win32_1.0.100.202403111256/tools/bin/../lib/gcc/arm-none-eabi/12.3.1/../../../../arm-none-eabi/lib/thumb/v7e-m+fp/hard\libc_nano.a(libc_a-lseekr.o)
[...]
Memory Configuration

Name             Origin             Length             Attributes
CCMRAM           0x10000000         0x00010000         xrw
RAM              0x20000000         0x00020000         xrw
FLASH            0x08000000         0x00100000         xr
*default*        0x00000000         0xffffffff

Linker script and memory map

LOAD C:/ST/STM32CubeIDE_1.15.1/STM32CubeIDE/plugins/com.st.stm32cube.ide.mcu.externaltools.gnu-tools-for-stm32.12.3.rel1.win32_1.0.100.202403111256/tools/bin/../lib/gcc/arm-none-eabi/12.3.1/thumb/v7e-m+fp/hard/crti.o
LOAD C:/ST/STM32CubeIDE_1.15.1/STM32CubeIDE/plugins/com.st.stm32cube.ide.mcu.externaltools.gnu-tools-for-stm32.12.3.rel1.win32_1.0.100.202403111256/tools/bin/../lib/gcc/arm-none-eabi/12.3.1/thumb/v7e-m+fp/hard/crtbegin.o
LOAD C:/ST/STM32CubeIDE_1.15.1/STM32CubeIDE/plugins/com.st.stm32cube.ide.mcu.externaltools.gnu-tools-for-stm32.12.3.rel1.win32_1.0.100.202403111256/tools/bin/../lib/gcc/arm-none-eabi/12.3.1/../../../../arm-none-eabi/lib/thumb/v7e-m+fp/hard/crt0.o
LOAD ./Application/User/Core/MFRC522.o
LOAD ./Application/User/Core/main.o
LOAD ./Application/User/Core/stm32f4xx_hal_msp.o
LOAD ./Application/User/Core/stm32f4xx_it.o
LOAD ./Application/User/Core/syscalls.o
LOAD ./Application/User/Core/sysmem.o
LOAD ./Application/User/Startup/startup_stm32f407vgtx.o
LOAD ./Drivers/CMSIS/system_stm32f4xx.o
LOAD ./Drivers/STM32F4xx_HAL_Driver/stm32f4xx_hal.o
LOAD ./Drivers/STM32F4xx_HAL_Driver/stm32f4xx_hal_cortex.o
LOAD ./Drivers/STM32F4xx_HAL_Driver/stm32f4xx_hal_dma.o
LOAD ./Drivers/STM32F4xx_HAL_Driver/stm32f4xx_hal_dma_ex.o
LOAD ./Drivers/STM32F4xx_HAL_Driver/stm32f4xx_hal_exti.o
LOAD ./Drivers/STM32F4xx_HAL_Driver/stm32f4xx_hal_flash.o
LOAD ./Drivers/STM32F4xx_HAL_Driver/stm32f4xx_hal_flash_ex.o
LOAD ./Drivers/STM32F4xx_HAL_Driver/stm32f4xx_hal_flash_ramfunc.o
LOAD ./Drivers/STM32F4xx_HAL_Driver/stm32f4xx_hal_gpio.o
LOAD ./Drivers/STM32F4xx_HAL_Driver/stm32f4xx_hal_pwr.o
LOAD ./Drivers/STM32F4xx_HAL_Driver/stm32f4xx_hal_pwr_ex.o
LOAD ./Drivers/STM32F4xx_HAL_Driver/stm32f4xx_hal_rcc.o
LOAD ./Drivers/STM32F4xx_HAL_Driver/stm32f4xx_hal_rcc_ex.o
LOAD ./Drivers/STM32F4xx_HAL_Driver/stm32f4xx_hal_spi.o
LOAD ./Drivers/STM32F4xx_HAL_Driver/stm32f4xx_hal_tim.o
LOAD ./Drivers/STM32F4xx_HAL_Driver/stm32f4xx_hal_tim_ex.o
START GROUP
LOAD C:/ST/STM32CubeIDE_1.15.1/STM32CubeIDE/plugins/com.st.stm32cube.ide.mcu.externaltools.gnu-tools-for-stm32.12.3.rel1.win32_1.0.100.202403111256/tools/bin/../lib/gcc/arm-none-eabi/12.3.1/../../../../arm-none-eabi/lib/thumb/v7e-m+fp/hard\libc_nano.a
LOAD C:/ST/STM32CubeIDE_1.15.1/STM32CubeIDE/plugins/com.st.stm32cube.ide.mcu.externaltools.gnu-tools-for-stm32.12.3.rel1.win32_1.0.100.202403111256/tools/bin/../lib/gcc/arm-none-eabi/12.3.1/../../../../arm-none-eabi/lib/thumb/v7e-m+fp/hard\libm.a
END GROUP
START GROUP
LOAD C:/ST/STM32CubeIDE_1.15.1/STM32CubeIDE/plugins/com.st.stm32cube.ide.mcu.externaltools.gnu-tools-for-stm32.12.3.rel1.win32_1.0.100.202403111256/tools/bin/../lib/gcc/arm-none-eabi/12.3.1/thumb/v7e-m+fp/hard\libgcc.a
LOAD C:/ST/STM32CubeIDE_1.15.1/STM32CubeIDE/plugins/com.st.stm32cube.ide.mcu.externaltools.gnu-tools-for-stm32.12.3.rel1.win32_1.0.100.202403111256/tools/bin/../lib/gcc/arm-none-eabi/12.3.1/../../../../arm-none-eabi/lib/thumb/v7e-m+fp/hard\libc_nano.a
END GROUP
START GROUP
LOAD C:/ST/STM32CubeIDE_1.15.1/STM32CubeIDE/plugins/com.st.stm32cube.ide.mcu.externaltools.gnu-tools-for-stm32.12.3.rel1.win32_1.0.100.202403111256/tools/bin/../lib/gcc/arm-none-eabi/12.3.1/thumb/v7e-m+fp/hard\libgcc.a
LOAD C:/ST/STM32CubeIDE_1.15.1/STM32CubeIDE/plugins/com.st.stm32cube.ide.mcu.externaltools.gnu-tools-for-stm32.12.3.rel1.win32_1.0.100.202403111256/tools/bin/../lib/gcc/arm-none-eabi/12.3.1/../../../../arm-none-eabi/lib/thumb/v7e-m+fp/hard\libc_nano.a
LOAD C:/ST/STM32CubeIDE_1.15.1/STM32CubeIDE/plugins/com.st.stm32cube.ide.mcu.externaltools.gnu-tools-for-stm32.12.3.rel1.win32_1.0.100.202403111256/tools/bin/../lib/gcc/arm-none-eabi/12.3.1/../../../../arm-none-eabi/lib/thumb/v7e-m+fp/hard\libnosys.a
END GROUP
START GROUP
LOAD C:/ST/STM32CubeIDE_1.15.1/STM32CubeIDE/plugins/com.st.stm32cube.ide.mcu.externaltools.gnu-tools-for-stm32.12.3.rel1.win32_1.0.100.202403111256/tools/bin/../lib/gcc/arm-none-eabi/12.3.1/thumb/v7e-m+fp/hard\libgcc.a
LOAD C:/ST/STM32CubeIDE_1.15.1/STM32CubeIDE/plugins/com.st.stm32cube.ide.mcu.externaltools.gnu-tools-for-stm32.12.3.rel1.win32_1.0.100.202403111256/tools/bin/../lib/gcc/arm-none-eabi/12.3.1/../../../../arm-none-eabi/lib/thumb/v7e-m+fp/hard\libc_nano.a
LOAD C:/ST/STM32CubeIDE_1.15.1/STM32CubeIDE/plugins/com.st.stm32cube.ide.mcu.externaltools.gnu-tools-for-stm32.12.3.rel1.win32_1.0.100.202403111256/tools/bin/../lib/gcc/arm-none-eabi/12.3.1/../../../../arm-none-eabi/lib/thumb/v7e-m+fp/hard\libnosys.a
END GROUP
LOAD C:/ST/STM32CubeIDE_1.15.1/STM32CubeIDE/plugins/com.st.stm32cube.ide.mcu.externaltools.gnu-tools-for-stm32.12.3.rel1.win32_1.0.100.202403111256/tools/bin/../lib/gcc/arm-none-eabi/12.3.1/thumb/v7e-m+fp/hard/crtend.o
LOAD C:/ST/STM32CubeIDE_1.15.1/STM32CubeIDE/plugins/com.st.stm32cube.ide.mcu.externaltools.gnu-tools-for-stm32.12.3.rel1.win32_1.0.100.202403111256/tools/bin/../lib/gcc/arm-none-eabi/12.3.1/thumb/v7e-m+fp/hard/crtn.o
                0x20020000                        _estack = (ORIGIN (RAM) + LENGTH (RAM))
                0x00000200                        _Min_Heap_Size = 0x200
                0x00000400                        _Min_Stack_Size = 0x400

.isr_vector     0x08000000      0x188
                0x08000000                        . = ALIGN (0x4)
 *(.isr_vector)
 .isr_vector    0x08000000      0x188 ./Application/User/Startup/startup_stm32f407vgtx.o
                0x08000000                g_pfnVectors
                0x08000188                        . = ALIGN (0x4)

.text           0x08000188     0x26ac
                0x08000188                        . = ALIGN (0x4)
 *(.text)
 .text          0x08000188       0x40 C:/ST/STM32CubeIDE_1.15.1/STM32CubeIDE/plugins/com.st.stm32cube.ide.mcu.externaltools.gnu-tools-for-stm32.12.3.rel1.win32_1.0.100.202403111256/tools/bin/../lib/gcc/arm-none-eabi/12.3.1/thumb/v7e-m+fp/hard/crtbegin.o
 .text          0x080001c8       0x30 C:/ST/STM32CubeIDE_1.15.1/STM32CubeIDE/plugins/com.st.stm32cube.ide.mcu.externaltools.gnu-tools-for-stm32.12.3.rel1.win32_1.0.100.202403111256/tools/bin/../lib/gcc/arm-none-eabi/12.3.1/thumb/v7e-m+fp/hard\libgcc.a(_aeabi_uldivmod.o)
                0x080001c8                __aeabi_uldivmod
 .text          0x080001f8      0x2bc C:/ST/STM32CubeIDE_1.15.1/STM32CubeIDE/plugins/com.st.stm32cube.ide.mcu.externaltools.gnu-tools-for-stm32.12.3.rel1.win32_1.0.100.202403111256/tools/bin/../lib/gcc/arm-none-eabi/12.3.1/thumb/v7e-m+fp/hard\libgcc.a(_udivmoddi4.o)
                0x080001f8                __udivmoddi4
 .text          0x080004b4        0x4 C:/ST/STM32CubeIDE_1.15.1/STM32CubeIDE/plugins/com.st.stm32cube.ide.mcu.externaltools.gnu-tools-for-stm32.12.3.rel1.win32_1.0.100.202403111256/tools/bin/../lib/gcc/arm-none-eabi/12.3.1/thumb/v7e-m+fp/hard\libgcc.a(_dvmd_tls.o)
                0x080004b4                __aeabi_idiv0
                0x080004b4                __aeabi_ldiv0
 *(.text*)
 .text.RC522_SPI_Transfer
                0x080004b8       0x24 ./Application/User/Core/MFRC522.o
                0x080004b8                RC522_SPI_Transfer
 .text.Write_MFRC522
                0x080004dc       0x40 ./Application/User/Core/MFRC522.o
                0x080004dc                Write_MFRC522
 .text.Read_MFRC522
                0x0800051c       0x5c ./Application/User/Core/MFRC522.o
                0x0800051c                Read_MFRC522
 .text.SetBitMask
                0x08000578       0x36 ./Application/User/Core/MFRC522.o
                0x08000578                SetBitMask
 .text.AntennaOn
                0x080005ae       0x16 ./Application/User/Core/MFRC522.o
                0x080005ae                AntennaOn
 .text.MFRC522_Init
                0x080005c4       0x84 ./Application/User/Core/MFRC522.o
                0x080005c4                MFRC522_Init
 .text.ClearBitMask
                0x08000648       0x40 ./Application/User/Core/MFRC522.o
                0x08000648                ClearBitMask
 .text.MFRC522_ToCard
                0x08000688      0x192 ./Application/User/Core/MFRC522.o
                0x08000688                MFRC522_ToCard
 .text.MFRC522_Request
                0x0800081a       0x4a ./Application/User/Core/MFRC522.o
                0x0800081a                MFRC522_Request
 .text.MFRC522_Anticoll
                0x08000864       0x7a ./Application/User/Core/MFRC522.o
                0x08000864                MFRC522_Anticoll
 *fill*         0x080008de        0x2 
 .text.main     0x080008e0       0x54 ./Application/User/Core/main.o
                0x080008e0                main
 .text.SystemClock_Config
                0x08000934       0xd4 ./Application/User/Core/main.o
                0x08000934                SystemClock_Config
 .text.MX_SPI1_Init
                0x08000a08       0x6c ./Application/User/Core/main.o
 .text.MX_GPIO_Init
                0x08000a74      0x114 ./Application/User/Core/main.o
 .text.Error_Handler
                0x08000b88        0xc ./Application/User/Core/main.o
                0x08000b88                Error_Handler
 .text.HAL_MspInit
                0x08000b94       0x50 ./Application/User/Core/stm32f4xx_hal_msp.o
                0x08000b94                HAL_MspInit
 .text.HAL_SPI_MspInit
                0x08000be4       0xa0 ./Application/User/Core/stm32f4xx_hal_msp.o
                0x08000be4                HAL_SPI_MspInit
 .text.NMI_Handler
                0x08000c84        0x8 ./Application/User/Core/stm32f4xx_it.o
                0x08000c84                NMI_Handler
 .text.HardFault_Handler
                0x08000c8c        0x8 ./Application/User/Core/stm32f4xx_it.o
                0x08000c8c                HardFault_Handler
 .text.MemManage_Handler
                0x08000c94        0x8 ./Application/User/Core/stm32f4xx_it.o
                0x08000c94                MemManage_Handler
 .text.BusFault_Handler
                0x08000c9c        0x8 ./Application/User/Core/stm32f4xx_it.o
                0x08000c9c                BusFault_Handler
 .text.UsageFault_Handler
                0x08000ca4        0x8 ./Application/User/Core/stm32f4xx_it.o
                0x08000ca4                UsageFault_Handler
 .text.SVC_Handler
                0x08000cac        0xe ./Application/User/Core/stm32f4xx_it.o
                0x08000cac                SVC_Handler
 .text.DebugMon_Handler
                0x08000cba        0xe ./Application/User/Core/stm32f4xx_it.o
                0x08000cba                DebugMon_Handler
 .text.PendSV_Handler
                0x08000cc8        0xe ./Application/User/Core/stm32f4xx_it.o
                0x08000cc8                PendSV_Handler
 .text.SysTick_Handler
                0x08000cd6        0xc ./Application/User/Core/stm32f4xx_it.o
                0x08000cd6                SysTick_Handler
 *fill*         0x08000ce2        0x2 
 .text.SPI1_IRQHandler
                0x08000ce4       0x14 ./Application/User/Core/stm32f4xx_it.o
                0x08000ce4                SPI1_IRQHandler
 .text.HAL_SPI_ErrorCallback
                0x08000cf8       0x14 ./Application/User/Core/stm32f4xx_it.o
                0x08000cf8                HAL_SPI_ErrorCallback
 .text.Reset_Handler
                0x08000d0c       0x50 ./Application/User/Startup/startup_stm32f407vgtx.o
                0x08000d0c                Reset_Handler
 .text.Default_Handler
                0x08000d5c        0x2 ./Application/User/Startup/startup_stm32f407vgtx.o
                0x08000d5c                RTC_Alarm_IRQHandler
                0x08000d5c                HASH_RNG_IRQHandler
                0x08000d5c                EXTI2_IRQHandler
                0x08000d5c                TIM8_CC_IRQHandler
                0x08000d5c                TIM1_CC_IRQHandler
                0x08000d5c                DMA2_Stream5_IRQHandler
                0x08000d5c                DMA1_Stream5_IRQHandler
                0x08000d5c                PVD_IRQHandler
                0x08000d5c                SDIO_IRQHandler
                0x08000d5c                TAMP_STAMP_IRQHandler
                0x08000d5c                CAN2_RX1_IRQHandler
                0x08000d5c                EXTI3_IRQHandler
                0x08000d5c                TIM8_TRG_COM_TIM14_IRQHandler
                0x08000d5c                TIM1_UP_TIM10_IRQHandler
                0x08000d5c                TIM8_UP_TIM13_IRQHandler
                0x08000d5c                I2C3_ER_IRQHandler
                0x08000d5c                EXTI0_IRQHandler
                0x08000d5c                I2C2_EV_IRQHandler
                0x08000d5c                DMA1_Stream2_IRQHandler
                0x08000d5c                CAN1_RX0_IRQHandler
                0x08000d5c                FPU_IRQHandler
                0x08000d5c                OTG_HS_WKUP_IRQHandler
                0x08000d5c                CAN2_SCE_IRQHandler
                0x08000d5c                DMA2_Stream2_IRQHandler
                0x08000d5c                TIM6_DAC_IRQHandler
                0x08000d5c                TIM1_BRK_TIM9_IRQHandler
                0x08000d5c                DCMI_IRQHandler
                0x08000d5c                CAN2_RX0_IRQHandler
                0x08000d5c                DMA2_Stream3_IRQHandler
                0x08000d5c                USART6_IRQHandler
                0x08000d5c                USART3_IRQHandler
                0x08000d5c                CAN1_RX1_IRQHandler
                0x08000d5c                UART5_IRQHandler
                0x08000d5c                DMA2_Stream0_IRQHandler
                0x08000d5c                TIM4_IRQHandler
                0x08000d5c                I2C1_EV_IRQHandler
                0x08000d5c                DMA1_Stream6_IRQHandler
                0x08000d5c                DMA1_Stream1_IRQHandler
                0x08000d5c                UART4_IRQHandler
                0x08000d5c                TIM3_IRQHandler
                0x08000d5c                RCC_IRQHandler
                0x08000d5c                TIM8_BRK_TIM12_IRQHandler
                0x08000d5c                Default_Handler
                0x08000d5c                EXTI15_10_IRQHandler
                0x08000d5c                ADC_IRQHandler
                0x08000d5c                DMA1_Stream7_IRQHandler
                0x08000d5c                TIM7_IRQHandler
                0x08000d5c                CAN2_TX_IRQHandler
                0x08000d5c                TIM5_IRQHandler
                0x08000d5c                DMA2_Stream7_IRQHandler
                0x08000d5c                I2C3_EV_IRQHandler
                0x08000d5c                EXTI9_5_IRQHandler
                0x08000d5c                RTC_WKUP_IRQHandler
                0x08000d5c                ETH_WKUP_IRQHandler
                0x08000d5c                SPI2_IRQHandler
                0x08000d5c                OTG_HS_EP1_IN_IRQHandler
                0x08000d5c                DMA1_Stream0_IRQHandler
                0x08000d5c                CAN1_TX_IRQHandler
                0x08000d5c                EXTI4_IRQHandler
                0x08000d5c                FSMC_IRQHandler
                0x08000d5c                ETH_IRQHandler
                0x08000d5c                OTG_HS_EP1_OUT_IRQHandler
                0x08000d5c                WWDG_IRQHandler
                0x08000d5c                TIM2_IRQHandler
                0x08000d5c                OTG_FS_WKUP_IRQHandler
                0x08000d5c                TIM1_TRG_COM_TIM11_IRQHandler
                0x08000d5c                OTG_HS_IRQHandler
                0x08000d5c                EXTI1_IRQHandler
                0x08000d5c                USART2_IRQHandler
                0x08000d5c                I2C2_ER_IRQHandler
                0x08000d5c                DMA2_Stream1_IRQHandler
                0x08000d5c                CAN1_SCE_IRQHandler
                0x08000d5c                FLASH_IRQHandler
                0x08000d5c                DMA2_Stream4_IRQHandler
                0x08000d5c                USART1_IRQHandler
                0x08000d5c                OTG_FS_IRQHandler
                0x08000d5c                SPI3_IRQHandler
                0x08000d5c                DMA1_Stream4_IRQHandler
                0x08000d5c                I2C1_ER_IRQHandler
                0x08000d5c                DMA2_Stream6_IRQHandler
                0x08000d5c                DMA1_Stream3_IRQHandler
 *fill*         0x08000d5e        0x2 
 .text.SystemInit
                0x08000d60       0x24 ./Drivers/CMSIS/system_stm32f4xx.o
                0x08000d60                SystemInit
 .text.HAL_Init
                0x08000d84       0x44 ./Drivers/STM32F4xx_HAL_Driver/stm32f4xx_hal.o
                0x08000d84                HAL_Init
 .text.HAL_InitTick
                0x08000dc8       0x60 ./Drivers/STM32F4xx_HAL_Driver/stm32f4xx_hal.o
                0x08000dc8                HAL_InitTick
 .text.HAL_IncTick
                0x08000e28       0x28 ./Drivers/STM32F4xx_HAL_Driver/stm32f4xx_hal.o
                0x08000e28                HAL_IncTick
 .text.HAL_GetTick
                0x08000e50       0x18 ./Drivers/STM32F4xx_HAL_Driver/stm32f4xx_hal.o
                0x08000e50                HAL_GetTick
 .text.__NVIC_SetPriorityGrouping
                0x08000e68       0x48 ./Drivers/STM32F4xx_HAL_Driver/stm32f4xx_hal_cortex.o
 .text.__NVIC_GetPriorityGrouping
                0x08000eb0       0x1c ./Drivers/STM32F4xx_HAL_Driver/stm32f4xx_hal_cortex.o
 .text.__NVIC_EnableIRQ
                0x08000ecc       0x3c ./Drivers/STM32F4xx_HAL_Driver/stm32f4xx_hal_cortex.o
 .text.__NVIC_SetPriority
                0x08000f08       0x54 ./Drivers/STM32F4xx_HAL_Driver/stm32f4xx_hal_cortex.o
 .text.NVIC_EncodePriority
                0x08000f5c       0x66 ./Drivers/STM32F4xx_HAL_Driver/stm32f4xx_hal_cortex.o
 *fill*         0x08000fc2        0x2 
 .text.SysTick_Config
                0x08000fc4       0x44 ./Drivers/STM32F4xx_HAL_Driver/stm32f4xx_hal_cortex.o
 .text.HAL_NVIC_SetPriorityGrouping
                0x08001008       0x16 ./Drivers/STM32F4xx_HAL_Driver/stm32f4xx_hal_cortex.o
                0x08001008                HAL_NVIC_SetPriorityGrouping
 .text.HAL_NVIC_SetPriority
                0x0800101e       0x38 ./Drivers/STM32F4xx_HAL_Driver/stm32f4xx_hal_cortex.o
                0x0800101e                HAL_NVIC_SetPriority
 .text.HAL_NVIC_EnableIRQ
                0x08001056       0x1c ./Drivers/STM32F4xx_HAL_Driver/stm32f4xx_hal_cortex.o
                0x08001056                HAL_NVIC_EnableIRQ
 .text.HAL_SYSTICK_Config
                0x08001072       0x18 ./Drivers/STM32F4xx_HAL_Driver/stm32f4xx_hal_cortex.o
                0x08001072                HAL_SYSTICK_Config
 .text.HAL_DMA_Abort_IT
                0x0800108a       0x44 ./Drivers/STM32F4xx_HAL_Driver/stm32f4xx_hal_dma.o
                0x0800108a                HAL_DMA_Abort_IT
 *fill*         0x080010ce        0x2 
 .text.HAL_GPIO_Init
                0x080010d0      0x338 ./Drivers/STM32F4xx_HAL_Driver/stm32f4xx_hal_gpio.o
                0x080010d0                HAL_GPIO_Init
 .text.HAL_GPIO_WritePin
                0x08001408       0x32 ./Drivers/STM32F4xx_HAL_Driver/stm32f4xx_hal_gpio.o
                0x08001408                HAL_GPIO_WritePin
 *fill*         0x0800143a        0x2 
 .text.HAL_RCC_OscConfig
                0x0800143c      0x4f0 ./Drivers/STM32F4xx_HAL_Driver/stm32f4xx_hal_rcc.o
                0x0800143c                HAL_RCC_OscConfig
 .text.HAL_RCC_ClockConfig
                0x0800192c      0x1cc ./Drivers/STM32F4xx_HAL_Driver/stm32f4xx_hal_rcc.o
                0x0800192c                HAL_RCC_ClockConfig
 .text.HAL_RCC_GetSysClockFreq
                0x08001af8      0x20c ./Drivers/STM32F4xx_HAL_Driver/stm32f4xx_hal_rcc.o
                0x08001af8                HAL_RCC_GetSysClockFreq
 .text.HAL_SPI_Init
                0x08001d04      0x112 ./Drivers/STM32F4xx_HAL_Driver/stm32f4xx_hal_spi.o
                0x08001d04                HAL_SPI_Init
 .text.HAL_SPI_Transmit
                0x08001e16      0x286 ./Drivers/STM32F4xx_HAL_Driver/stm32f4xx_hal_spi.o
                0x08001e16                HAL_SPI_Transmit
 .text.HAL_SPI_TransmitReceive
                0x0800209c      0x360 ./Drivers/STM32F4xx_HAL_Driver/stm32f4xx_hal_spi.o
                0x0800209c                HAL_SPI_TransmitReceive
 .text.HAL_SPI_IRQHandler
                0x080023fc      0x1e8 ./Drivers/STM32F4xx_HAL_Driver/stm32f4xx_hal_spi.o
                0x080023fc                HAL_SPI_IRQHandler
 .text.SPI_DMAAbortOnError
                0x080025e4       0x28 ./Drivers/STM32F4xx_HAL_Driver/stm32f4xx_hal_spi.o
 .text.SPI_WaitFlagStateUntilTimeout
                0x0800260c      0x110 ./Drivers/STM32F4xx_HAL_Driver/stm32f4xx_hal_spi.o
 .text.SPI_EndRxTxTransaction
                0x0800271c       0xa8 ./Drivers/STM32F4xx_HAL_Driver/stm32f4xx_hal_spi.o
 .text.memset   0x080027c4       0x10 C:/ST/STM32CubeIDE_1.15.1/STM32CubeIDE/plugins/com.st.stm32cube.ide.mcu.externaltools.gnu-tools-for-stm32.12.3.rel1.win32_1.0.100.202403111256/tools/bin/../lib/gcc/arm-none-eabi/12.3.1/../../../../arm-none-eabi/lib/thumb/v7e-m+fp/hard\libc_nano.a(libc_a-memset.o)
                0x080027c4                memset
 .text.__libc_init_array
                0x080027d4       0x48 C:/ST/STM32CubeIDE_1.15.1/STM32CubeIDE/plugins/com.st.stm32cube.ide.mcu.externaltools.gnu-tools-for-stm32.12.3.rel1.win32_1.0.100.202403111256/tools/bin/../lib/gcc/arm-none-eabi/12.3.1/../../../../arm-none-eabi/lib/thumb/v7e-m+fp/hard\libc_nano.a(libc_a-init.o)
                0x080027d4                __libc_init_array
 *(.glue_7)
 .glue_7        0x0800281c        0x0 linker stubs
 *(.glue_7t)
 .glue_7t       0x0800281c        0x0 linker stubs
 *(.eh_frame)
 .eh_frame      0x0800281c        0x0 C:/ST/STM32CubeIDE_1.15.1/STM32CubeIDE/plugins/com.st.stm32cube.ide.mcu.externaltools.gnu-tools-for-stm32.12.3.rel1.win32_1.0.100.202403111256/tools/bin/../lib/gcc/arm-none-eabi/12.3.1/thumb/v7e-m+fp/hard/crtbegin.o
 *(.init)
 .init          0x0800281c        0x4 C:/ST/STM32CubeIDE_1.15.1/STM32CubeIDE/plugins/com.st.stm32cube.ide.mcu.externaltools.gnu-tools-for-stm32.12.3.rel1.win32_1.0.100.202403111256/tools/bin/../lib/gcc/arm-none-eabi/12.3.1/thumb/v7e-m+fp/hard/crti.o
                0x0800281c                _init
 .init          0x08002820        0x8 C:/ST/STM32CubeIDE_1.15.1/STM32CubeIDE/plugins/com.st.stm32cube.ide.mcu.externaltools.gnu-tools-for-stm32.12.3.rel1.win32_1.0.100.202403111256/tools/bin/../lib/gcc/arm-none-eabi/12.3.1/thumb/v7e-m+fp/hard/crtn.o
 *(.fini)
 .fini          0x08002828        0x4 C:/ST/STM32CubeIDE_1.15.1/STM32CubeIDE/plugins/com.st.stm32cube.ide.mcu.externaltools.gnu-tools-for-stm32.12.3.rel1.win32_1.0.100.202403111256/tools/bin/../lib/gcc/arm-none-eabi/12.3.1/thumb/v7e-m+fp/hard/crti.o
                0x08002828                _fini
 .fini          0x0800282c        0x8 C:/ST/STM32CubeIDE_1.15.1/STM32CubeIDE/plugins/com.st.stm32cube.ide.mcu.externaltools.gnu-tools-for-stm32.12.3.rel1.win32_1.0.100.202403111256/tools/bin/../lib/gcc/arm-none-eabi/12.3.1/thumb/v7e-m+fp/hard/crtn.o
                0x08002834                        . = ALIGN (0x4)
                0x08002834                        _etext = .

.vfp11_veneer   0x08002834        0x0
 .vfp11_veneer  0x08002834        0x0 linker stubs

.v4_bx          0x08002834        0x0
 .v4_bx         0x08002834        0x0 linker stubs

.iplt           0x08002834        0x0
 .iplt          0x08002834        0x0 C:/ST/STM32CubeIDE_1.15.1/STM32CubeIDE/plugins/com.st.stm32cube.ide.mcu.externaltools.gnu-tools-for-stm32.12.3.rel1.win32_1.0.100.202403111256/tools/bin/../lib/gcc/arm-none-eabi/12.3.1/thumb/v7e-m+fp/hard/crtbegin.o

.rodata         0x08002834       0x10
                0x08002834                        . = ALIGN (0x4)
 *(.rodata)
 *(.rodata*)
 .rodata.AHBPrescTable
                0x08002834       0x10 ./Drivers/CMSIS/system_stm32f4xx.o
                0x08002834                AHBPrescTable
                0x08002844                        . = ALIGN (0x4)

.ARM.extab      0x08002844        0x0
                0x08002844                        . = ALIGN (0x4)
 *(.ARM.extab* .gnu.linkonce.armextab.*)
                0x08002844                        . = ALIGN (0x4)

.ARM            0x08002844        0x8
                0x08002844                        . = ALIGN (0x4)
                0x08002844                        __exidx_start = .
 *(.ARM.exidx*)
 .ARM.exidx     0x08002844        0x8 C:/ST/STM32CubeIDE_1.15.1/STM32CubeIDE/plugins/com.st.stm32cube.ide.mcu.externaltools.gnu-tools-for-stm32.12.3.rel1.win32_1.0.100.202403111256/tools/bin/../lib/gcc/arm-none-eabi/12.3.1/thumb/v7e-m+fp/hard\libgcc.a(_udivmoddi4.o)
                0x0800284c                        __exidx_end = .
                0x0800284c                        . = ALIGN (0x4)

.preinit_array  0x0800284c        0x0
                0x0800284c                        . = ALIGN (0x4)
                0x0800284c                        PROVIDE (__preinit_array_start = .)
 *(.preinit_array*)
                0x0800284c                        PROVIDE (__preinit_array_end = .)
                0x0800284c                        . = ALIGN (0x4)

.init_array     0x0800284c        0x4
                0x0800284c                        . = ALIGN (0x4)
                0x0800284c                        PROVIDE (__init_array_start = .)
 *(SORT_BY_NAME(.init_array.*))
 *(.init_array*)
 .init_array    0x0800284c        0x4 C:/ST/STM32CubeIDE_1.15.1/STM32CubeIDE/plugins/com.st.stm32cube.ide.mcu.externaltools.gnu-tools-for-stm32.12.3.rel1.win32_1.0.100.202403111256/tools/bin/../lib/gcc/arm-none-eabi/12.3.1/thumb/v7e-m+fp/hard/crtbegin.o
                0x08002850                        PROVIDE (__init_array_end = .)
                0x08002850                        . = ALIGN (0x4)

.fini_array     0x08002850        0x4
                0x08002850                        . = ALIGN (0x4)
                [!provide]                        PROVIDE (__fini_array_start = .)
 *(SORT_BY_NAME(.fini_array.*))
 *(.fini_array*)
 .fini_array    0x08002850        0x4 C:/ST/STM32CubeIDE_1.15.1/STM32CubeIDE/plugins/com.st.stm32cube.ide.mcu.externaltools.gnu-tools-for-stm32.12.3.rel1.win32_1.0.100.202403111256/tools/bin/../lib/gcc/arm-none-eabi/12.3.1/thumb/v7e-m+fp/hard/crtbegin.o
                [!provide]                        PROVIDE (__fini_array_end = .)
                0x08002854                        . = ALIGN (0x4)
                0x08002854                        _sidata = LOADADDR (.data)

.rel.dyn        0x08002854        0x0
 .rel.iplt      0x08002854        0x0 C:/ST/STM32CubeIDE_1.15.1/STM32CubeIDE/plugins/com.st.stm32cube.ide.mcu.externaltools.gnu-tools-for-stm32.12.3.rel1.win32_1.0.100.202403111256/tools/bin/../lib/gcc/arm-none-eabi/12.3.1/thumb/v7e-m+fp/hard/crtbegin.o

.data           0x20000000        0xc load address 0x08002854
                0x20000000                        . = ALIGN (0x4)
                0x20000000                        _sdata = .
 *(.data)
 *(.data*)
 .data.SystemCoreClock
                0x20000000        0x4 ./Drivers/CMSIS/system_stm32f4xx.o
                0x20000000                SystemCoreClock
 .data.uwTickPrio
                0x20000004        0x4 ./Drivers/STM32F4xx_HAL_Driver/stm32f4xx_hal.o
                0x20000004                uwTickPrio
 .data.uwTickFreq
                0x20000008        0x1 ./Drivers/STM32F4xx_HAL_Driver/stm32f4xx_hal.o
                0x20000008                uwTickFreq
 *(.RamFunc)
 *(.RamFunc*)
                0x2000000c                        . = ALIGN (0x4)
 *fill*         0x20000009        0x3 
                0x2000000c                        _edata = .
                0x08002860                        _siccmram = LOADADDR (.ccmram)

.igot.plt       0x2000000c        0x0 load address 0x08002860
 .igot.plt      0x2000000c        0x0 C:/ST/STM32CubeIDE_1.15.1/STM32CubeIDE/plugins/com.st.stm32cube.ide.mcu.externaltools.gnu-tools-for-stm32.12.3.rel1.win32_1.0.100.202403111256/tools/bin/../lib/gcc/arm-none-eabi/12.3.1/thumb/v7e-m+fp/hard/crtbegin.o

.ccmram         0x10000000        0x0 load address 0x08002860
                0x10000000                        . = ALIGN (0x4)
                0x10000000                        _sccmram = .
 *(.ccmram)
 *(.ccmram*)
                0x10000000                        . = ALIGN (0x4)
                0x10000000                        _eccmram = .
                0x10000000                        . = ALIGN (0x4)

.bss            0x2000000c       0x94
                0x2000000c                        _sbss = .
                0x2000000c                        __bss_start__ = _sbss
 *(.bss)
 .bss           0x2000000c       0x1c C:/ST/STM32CubeIDE_1.15.1/STM32CubeIDE/plugins/com.st.stm32cube.ide.mcu.externaltools.gnu-tools-for-stm32.12.3.rel1.win32_1.0.100.202403111256/tools/bin/../lib/gcc/arm-none-eabi/12.3.1/thumb/v7e-m+fp/hard/crtbegin.o
 *(.bss*)
 .bss.hspi1     0x20000028       0x58 ./Application/User/Core/main.o
                0x20000028                hspi1
 .bss.status    0x20000080        0x1 ./Application/User/Core/main.o
                0x20000080                status
 *fill*         0x20000081        0x3 
 .bss.str       0x20000084       0x10 ./Application/User/Core/main.o
                0x20000084                str
 .bss.serNum    0x20000094        0x5 ./Application/User/Core/main.o
                0x20000094                serNum
 .bss.spi_receive
                0x20000099        0x1 ./Application/User/Core/main.o
                0x20000099                spi_receive
 *fill*         0x2000009a        0x2 
 .bss.uwTick    0x2000009c        0x4 ./Drivers/STM32F4xx_HAL_Driver/stm32f4xx_hal.o
                0x2000009c                uwTick
 *(COMMON)
                0x200000a0                        . = ALIGN (0x4)
                0x200000a0                        _ebss = .
                0x200000a0                        __bss_end__ = _ebss

._user_heap_stack
                0x200000a0      0x600
                0x200000a0                        . = ALIGN (0x8)
                [!provide]                        PROVIDE (end = .)
                0x200000a0                        PROVIDE (_end = .)
                0x200002a0                        . = (. + _Min_Heap_Size)
 *fill*         0x200000a0      0x200 
                0x200006a0                        . = (. + _Min_Stack_Size)
 *fill*         0x200002a0      0x400 
                0x200006a0                        . = ALIGN (0x8)

/DISCARD/
 libc.a(*)
 libm.a(*)
 libgcc.a(*)

.ARM.attributes
                0x00000000       0x30
 *(.ARM.attributes)
 .ARM.attributes
                0x00000000       0x22 C:/ST/STM32CubeIDE_1.15.1/STM32CubeIDE/plugins/com.st.stm32cube.ide.mcu.externaltools.gnu-tools-for-stm32.12.3.rel1.win32_1.0.100.202403111256/tools/bin/../lib/gcc/arm-none-eabi/12.3.1/thumb/v7e-m+fp/hard/crti.o
 .ARM.attributes
                0x00000022       0x34 C:/ST/STM32CubeIDE_1.15.1/STM32CubeIDE/plugins/com.st.stm32cube.ide.mcu.externaltools.gnu-tools-for-stm32.12.3.rel1.win32_1.0.100.202403111256/tools/bin/../lib/gcc/arm-none-eabi/12.3.1/thumb/v7e-m+fp/hard/crtbegin.o
 .ARM.attributes
                0x00000056       0x34 ./Application/User/Core/MFRC522.o
 .ARM.attributes
                0x0000008a       0x34 ./Application/User/Core/main.o
 .ARM.attributes
                0x000000be       0x34 ./Application/User/Core/stm32f4xx_hal_msp.o
 .ARM.attributes
                0x000000f2       0x34 ./Application/User/Core/stm32f4xx_it.o
 .ARM.attributes
                0x00000126       0x21 ./Application/User/Startup/startup_stm32f407vgtx.o
 .ARM.attributes
                0x00000147       0x34 ./Drivers/CMSIS/system_stm32f4xx.o
 .ARM.attributes
                0x0000017b       0x34 ./Drivers/STM32F4xx_HAL_Driver/stm32f4xx_hal.o
 .ARM.attributes
                0x000001af       0x34 ./Drivers/STM32F4xx_HAL_Driver/stm32f4xx_hal_cortex.o
 .ARM.attributes
                0x000001e3       0x34 ./Drivers/STM32F4xx_HAL_Driver/stm32f4xx_hal_dma.o
 .ARM.attributes
                0x00000217       0x34 ./Drivers/STM32F4xx_HAL_Driver/stm32f4xx_hal_gpio.o
 .ARM.attributes
                0x0000024b       0x34 ./Drivers/STM32F4xx_HAL_Driver/stm32f4xx_hal_rcc.o
 .ARM.attributes
                0x0000027f       0x34 ./Drivers/STM32F4xx_HAL_Driver/stm32f4xx_hal_spi.o
 .ARM.attributes
                0x000002b3       0x34 C:/ST/STM32CubeIDE_1.15.1/STM32CubeIDE/plugins/com.st.stm32cube.ide.mcu.externaltools.gnu-tools-for-stm32.12.3.rel1.win32_1.0.100.202403111256/tools/bin/../lib/gcc/arm-none-eabi/12.3.1/../../../../arm-none-eabi/lib/thumb/v7e-m+fp/hard\libc_nano.a(libc_a-memset.o)
 .ARM.attributes
                0x000002e7       0x34 C:/ST/STM32CubeIDE_1.15.1/STM32CubeIDE/plugins/com.st.stm32cube.ide.mcu.externaltools.gnu-tools-for-stm32.12.3.rel1.win32_1.0.100.202403111256/tools/bin/../lib/gcc/arm-none-eabi/12.3.1/../../../../arm-none-eabi/lib/thumb/v7e-m+fp/hard\libc_nano.a(libc_a-init.o)
 .ARM.attributes
                0x0000031b       0x22 C:/ST/STM32CubeIDE_1.15.1/STM32CubeIDE/plugins/com.st.stm32cube.ide.mcu.externaltools.gnu-tools-for-stm32.12.3.rel1.win32_1.0.100.202403111256/tools/bin/../lib/gcc/arm-none-eabi/12.3.1/thumb/v7e-m+fp/hard\libgcc.a(_aeabi_uldivmod.o)
 .ARM.attributes
                0x0000033d       0x34 C:/ST/STM32CubeIDE_1.15.1/STM32CubeIDE/plugins/com.st.stm32cube.ide.mcu.externaltools.gnu-tools-for-stm32.12.3.rel1.win32_1.0.100.202403111256/tools/bin/../lib/gcc/arm-none-eabi/12.3.1/thumb/v7e-m+fp/hard\libgcc.a(_udivmoddi4.o)
 .ARM.attributes
                0x00000371       0x22 C:/ST/STM32CubeIDE_1.15.1/STM32CubeIDE/plugins/com.st.stm32cube.ide.mcu.externaltools.gnu-tools-for-stm32.12.3.rel1.win32_1.0.100.202403111256/tools/bin/../lib/gcc/arm-none-eabi/12.3.1/thumb/v7e-m+fp/hard\libgcc.a(_dvmd_tls.o)
 .ARM.attributes
                0x00000393       0x22 C:/ST/STM32CubeIDE_1.15.1/STM32CubeIDE/plugins/com.st.stm32cube.ide.mcu.externaltools.gnu-tools-for-stm32.12.3.rel1.win32_1.0.100.202403111256/tools/bin/../lib/gcc/arm-none-eabi/12.3.1/thumb/v7e-m+fp/hard/crtn.o
OUTPUT(rfid.elf elf32-littlearm)
LOAD linker stubs
LOAD C:/ST/STM32CubeIDE_1.15.1/STM32CubeIDE/plugins/com.st.stm32cube.ide.mcu.externaltools.gnu-tools-for-stm32.12.3.rel1.win32_1.0.100.202403111256/tools/bin/../lib/gcc/arm-none-eabi/12.3.1/../../../../arm-none-eabi/lib/thumb/v7e-m+fp/hard\libc.a
LOAD C:/ST/STM32CubeIDE_1.15.1/STM32CubeIDE/plugins/com.st.stm32cube.ide.mcu.externaltools.gnu-tools-for-stm32.12.3.rel1.win32_1.0.100.202403111256/tools/bin/../lib/gcc/arm-none-eabi/12.3.1/../../../../arm-none-eabi/lib/thumb/v7e-m+fp/hard\libm.a
LOAD C:/ST/STM32CubeIDE_1.15.1/STM32CubeIDE/plugins/com.st.stm32cube.ide.mcu.externaltools.gnu-tools-for-stm32.12.3.rel1.win32_1.0.100.202403111256/tools/bin/../lib/gcc/arm-none-eabi/12.3.1/thumb/v7e-m+fp/hard\libgcc.a

.debug_info     0x00000000     0x7298
 .debug_info    0x00000000      0x9af ./Application/User/Core/MFRC522.o
 .debug_info    0x000009af      0xc5d ./Application/User/Core/main.o
 .debug_info    0x0000160c      0xb8f ./Application/User/Core/stm32f4xx_hal_msp.o
 .debug_info    0x0000219b      0x6ca ./Application/User/Core/stm32f4xx_it.o
 .debug_info    0x00002865       0x30 ./Application/User/Startup/startup_stm32f407vgtx.o
 .debug_info    0x00002895      0x512 ./Drivers/CMSIS/system_stm32f4xx.o
 .debug_info    0x00002da7      0x944 ./Drivers/STM32F4xx_HAL_Driver/stm32f4xx_hal.o
 .debug_info    0x000036eb      0xd57 ./Drivers/STM32F4xx_HAL_Driver/stm32f4xx_hal_cortex.o
 .debug_info    0x00004442      0x8e7 ./Drivers/STM32F4xx_HAL_Driver/stm32f4xx_hal_dma.o
 .debug_info    0x00004d29      0x6c3 ./Drivers/STM32F4xx_HAL_Driver/stm32f4xx_hal_gpio.o
 .debug_info    0x000053ec      0x8b1 ./Drivers/STM32F4xx_HAL_Driver/stm32f4xx_hal_rcc.o
 .debug_info    0x00005c9d     0x15fb ./Drivers/STM32F4xx_HAL_Driver/stm32f4xx_hal_spi.o

.debug_abbrev   0x00000000     0x17fa
 .debug_abbrev  0x00000000      0x21b ./Application/User/Core/MFRC522.o
 .debug_abbrev  0x0000021b      0x27f ./Application/User/Core/main.o
 .debug_abbrev  0x0000049a      0x1c6 ./Application/User/Core/stm32f4xx_hal_msp.o
 .debug_abbrev  0x00000660      0x1ae ./Application/User/Core/stm32f4xx_it.o
 .debug_abbrev  0x0000080e       0x24 ./Application/User/Startup/startup_stm32f407vgtx.o
 .debug_abbrev  0x00000832      0x11a ./Drivers/CMSIS/system_stm32f4xx.o
 .debug_abbrev  0x0000094c      0x214 ./Drivers/STM32F4xx_HAL_Driver/stm32f4xx_hal.o
 .debug_abbrev  0x00000b60      0x328 ./Drivers/STM32F4xx_HAL_Driver/stm32f4xx_hal_cortex.o
 .debug_abbrev  0x00000e88      0x264 ./Drivers/STM32F4xx_HAL_Driver/stm32f4xx_hal_dma.o
 .debug_abbrev  0x000010ec      0x1d4 ./Drivers/STM32F4xx_HAL_Driver/stm32f4xx_hal_gpio.o
 .debug_abbrev  0x000012c0      0x2b6 ./Drivers/STM32F4xx_HAL_Driver/stm32f4xx_hal_rcc.o
 .debug_abbrev  0x00001576      0x284 ./Drivers/STM32F4xx_HAL_Driver/stm32f4xx_hal_spi.o

.debug_aranges  0x00000000      0x6f8
 .debug_aranges
                0x00000000       0x68 ./Application/User/Core/MFRC522.o
 .debug_aranges
                0x00000068       0x40 ./Application/User/Core/main.o
 .debug_aranges
                0x000000a8       0x30 ./Application/User/Core/stm32f4xx_hal_msp.o
 .debug_aranges
                0x000000d8       0x80 ./Application/User/Core/stm32f4xx_it.o
 .debug_aranges
                0x00000158       0x28 ./Application/User/Startup/startup_stm32f407vgtx.o
 .debug_aranges
                0x00000180       0x28 ./Drivers/CMSIS/system_stm32f4xx.o
 .debug_aranges
                0x000001a8       0xf0 ./Drivers/STM32F4xx_HAL_Driver/stm32f4xx_hal.o
 .debug_aranges
                0x00000298      0x120 ./Drivers/STM32F4xx_HAL_Driver/stm32f4xx_hal_cortex.o
 .debug_aranges
                0x000003b8       0x90 ./Drivers/STM32F4xx_HAL_Driver/stm32f4xx_hal_dma.o
 .debug_aranges
                0x00000448       0x58 ./Drivers/STM32F4xx_HAL_Driver/stm32f4xx_hal_gpio.o
 .debug_aranges
                0x000004a0       0x88 ./Drivers/STM32F4xx_HAL_Driver/stm32f4xx_hal_rcc.o
 .debug_aranges
                0x00000528      0x1d0 ./Drivers/STM32F4xx_HAL_Driver/stm32f4xx_hal_spi.o

.debug_rnglists
                0x00000000      0x52d
 .debug_rnglists
                0x00000000       0x4b ./Application/User/Core/MFRC522.o
 .debug_rnglists
                0x0000004b       0x2d ./Application/User/Core/main.o
 .debug_rnglists
                0x00000078       0x20 ./Application/User/Core/stm32f4xx_hal_msp.o
 .debug_rnglists
                0x00000098       0x5b ./Application/User/Core/stm32f4xx_it.o
 .debug_rnglists
                0x000000f3       0x19 ./Application/User/Startup/startup_stm32f407vgtx.o
 .debug_rnglists
                0x0000010c       0x1a ./Drivers/CMSIS/system_stm32f4xx.o
 .debug_rnglists
                0x00000126       0xaf ./Drivers/STM32F4xx_HAL_Driver/stm32f4xx_hal.o
 .debug_rnglists
                0x000001d5       0xd4 ./Drivers/STM32F4xx_HAL_Driver/stm32f4xx_hal_cortex.o
 .debug_rnglists
                0x000002a9       0x70 ./Drivers/STM32F4xx_HAL_Driver/stm32f4xx_hal_dma.o
 .debug_rnglists
                0x00000319       0x3f ./Drivers/STM32F4xx_HAL_Driver/stm32f4xx_hal_gpio.o
 .debug_rnglists
                0x00000358       0x66 ./Drivers/STM32F4xx_HAL_Driver/stm32f4xx_hal_rcc.o
 .debug_rnglists
                0x000003be      0x16f ./Drivers/STM32F4xx_HAL_Driver/stm32f4xx_hal_spi.o

.debug_macro    0x00000000    0x2049a
 .debug_macro   0x00000000      0x1cf ./Application/User/Core/MFRC522.o
 .debug_macro   0x000001cf      0xab4 ./Application/User/Core/MFRC522.o
 .debug_macro   0x00000c83      0x295 ./Application/User/Core/MFRC522.o
 .debug_macro   0x00000f18       0x2e ./Application/User/Core/MFRC522.o
 .debug_macro   0x00000f46       0x2f ./Application/User/Core/MFRC522.o
 .debug_macro   0x00000f75       0x22 ./Application/User/Core/MFRC522.o
 .debug_macro   0x00000f97       0x8e ./Application/User/Core/MFRC522.o
 .debug_macro   0x00001025       0x51 ./Application/User/Core/MFRC522.o
 .debug_macro   0x00001076      0x103 ./Application/User/Core/MFRC522.o
 .debug_macro   0x00001179       0x6a ./Application/User/Core/MFRC522.o
 .debug_macro   0x000011e3      0x1df ./Application/User/Core/MFRC522.o
 .debug_macro   0x000013c2       0x1c ./Application/User/Core/MFRC522.o
 .debug_macro   0x000013de       0x22 ./Application/User/Core/MFRC522.o
 .debug_macro   0x00001400       0xfb ./Application/User/Core/MFRC522.o
 .debug_macro   0x000014fb     0x1011 ./Application/User/Core/MFRC522.o
 .debug_macro   0x0000250c      0x11f ./Application/User/Core/MFRC522.o
 .debug_macro   0x0000262b    0x15e97 ./Application/User/Core/MFRC522.o
 .debug_macro   0x000184c2       0x6d ./Application/User/Core/MFRC522.o
 .debug_macro   0x0001852f     0x368c ./Application/User/Core/MFRC522.o
 .debug_macro   0x0001bbbb      0x189 ./Application/User/Core/MFRC522.o
 .debug_macro   0x0001bd44       0x5c ./Application/User/Core/MFRC522.o
 .debug_macro   0x0001bda0      0x980 ./Application/User/Core/MFRC522.o
 .debug_macro   0x0001c720      0x9e9 ./Application/User/Core/MFRC522.o
 .debug_macro   0x0001d109      0x115 ./Application/User/Core/MFRC522.o
 .debug_macro   0x0001d21e      0x13e ./Application/User/Core/MFRC522.o
 .debug_macro   0x0001d35c       0xa5 ./Application/User/Core/MFRC522.o
 .debug_macro   0x0001d401      0x174 ./Application/User/Core/MFRC522.o
 .debug_macro   0x0001d575      0x287 ./Application/User/Core/MFRC522.o
 .debug_macro   0x0001d7fc       0x5f ./Application/User/Core/MFRC522.o
 .debug_macro   0x0001d85b      0x236 ./Application/User/Core/MFRC522.o
 .debug_macro   0x0001da91      0x12c ./Application/User/Core/MFRC522.o
 .debug_macro   0x0001dbbd      0x21e ./Application/User/Core/MFRC522.o
 .debug_macro   0x0001dddb       0x2e ./Application/User/Core/MFRC522.o
 .debug_macro   0x0001de09      0x127 ./Application/User/Core/MFRC522.o
 .debug_macro   0x0001df30       0x7e ./Application/User/Core/MFRC522.o
 .debug_macro   0x0001dfae       0x89 ./Application/User/Core/MFRC522.o
 .debug_macro   0x0001e037      0x225 ./Application/User/Core/MFRC522.o
 .debug_macro   0x0001e25c      0x12d ./Application/User/Core/MFRC522.o
 .debug_macro   0x0001e389      0x220 ./Application/User/Core/MFRC522.o
 .debug_macro   0x0001e5a9      0x2d4 ./Application/User/Core/main.o
 .debug_macro   0x0001e87d       0x1c ./Application/User/Core/main.o
 .debug_macro   0x0001e899       0x61 ./Application/User/Core/main.o
 .debug_macro   0x0001e8fa       0x2a ./Application/User/Core/main.o
 .debug_macro   0x0001e924       0x43 ./Application/User/Core/main.o
 .debug_macro   0x0001e967       0x34 ./Application/User/Core/main.o
 .debug_macro   0x0001e99b       0x16 ./Application/User/Core/main.o
 .debug_macro   0x0001e9b1       0x43 ./Application/User/Core/main.o
 .debug_macro   0x0001e9f4       0x34 ./Application/User/Core/main.o
 .debug_macro   0x0001ea28       0x10 ./Application/User/Core/main.o
 .debug_macro   0x0001ea38       0x58 ./Application/User/Core/main.o
 .debug_macro   0x0001ea90       0x8e ./Application/User/Core/main.o
 .debug_macro   0x0001eb1e       0x1c ./Application/User/Core/main.o
 .debug_macro   0x0001eb3a      0x177 ./Application/User/Core/main.o
 .debug_macro   0x0001ecb1      0x369 ./Application/User/Core/main.o
 .debug_macro   0x0001f01a       0x10 ./Application/User/Core/main.o
 .debug_macro   0x0001f02a       0x35 ./Application/User/Core/main.o
 .debug_macro   0x0001f05f       0x20 ./Application/User/Core/main.o
 .debug_macro   0x0001f07f       0x1c ./Application/User/Core/main.o
 .debug_macro   0x0001f09b       0x10 ./Application/User/Core/main.o
 .debug_macro   0x0001f0ab       0x1c ./Application/User/Core/main.o
 .debug_macro   0x0001f0c7       0x16 ./Application/User/Core/main.o
 .debug_macro   0x0001f0dd      0x146 ./Application/User/Core/main.o
 .debug_macro   0x0001f223      0x226 ./Application/User/Core/main.o
 .debug_macro   0x0001f449      0x1c9 ./Application/User/Core/stm32f4xx_hal_msp.o
 .debug_macro   0x0001f612      0x1d3 ./Application/User/Core/stm32f4xx_it.o
 .debug_macro   0x0001f7e5      0x1ba ./Drivers/CMSIS/system_stm32f4xx.o
 .debug_macro   0x0001f99f      0x21a ./Drivers/STM32F4xx_HAL_Driver/stm32f4xx_hal.o
 .debug_macro   0x0001fbb9      0x1ba ./Drivers/STM32F4xx_HAL_Driver/stm32f4xx_hal_cortex.o
 .debug_macro   0x0001fd73      0x1c0 ./Drivers/STM32F4xx_HAL_Driver/stm32f4xx_hal_dma.o
 .debug_macro   0x0001ff33      0x1c0 ./Drivers/STM32F4xx_HAL_Driver/stm32f4xx_hal_gpio.o
 .debug_macro   0x000200f3      0x1de ./Drivers/STM32F4xx_HAL_Driver/stm32f4xx_hal_rcc.o
 .debug_macro   0x000202d1      0x1c9 ./Drivers/STM32F4xx_HAL_Driver/stm32f4xx_hal_spi.o

.debug_line     0x00000000     0x8976
 .debug_line    0x00000000      0x985 ./Application/User/Core/MFRC522.o
 .debug_line    0x00000985      0xa03 ./Application/User/Core/main.o
 .debug_line    0x00001388      0x79f ./Application/User/Core/stm32f4xx_hal_msp.o
 .debug_line    0x00001b27      0x868 ./Application/User/Core/stm32f4xx_it.o
 .debug_line    0x0000238f       0x7a ./Application/User/Startup/startup_stm32f407vgtx.o
 .debug_line    0x00002409      0x7d3 ./Drivers/CMSIS/system_stm32f4xx.o
 .debug_line    0x00002bdc      0xa3c ./Drivers/STM32F4xx_HAL_Driver/stm32f4xx_hal.o
 .debug_line    0x00003618      0xd04 ./Drivers/STM32F4xx_HAL_Driver/stm32f4xx_hal_cortex.o
 .debug_line    0x0000431c      0xfac ./Drivers/STM32F4xx_HAL_Driver/stm32f4xx_hal_dma.o
 .debug_line    0x000052c8      0xbc8 ./Drivers/STM32F4xx_HAL_Driver/stm32f4xx_hal_gpio.o
 .debug_line    0x00005e90      0xdaf ./Drivers/STM32F4xx_HAL_Driver/stm32f4xx_hal_rcc.o
 .debug_line    0x00006c3f     0x1d37 ./Drivers/STM32F4xx_HAL_Driver/stm32f4xx_hal_spi.o

.debug_str      0x00000000    0xc2517
 .debug_str     0x00000000    0xbcc86 ./Application/User/Core/MFRC522.o
                              0xbcf65 (size before relaxing)
 .debug_str     0x000bcc86     0x3adf ./Application/User/Core/main.o
                              0xc091d (size before relaxing)
 .debug_str     0x000c0765      0x5ba ./Application/User/Core/stm32f4xx_hal_msp.o
                              0xbcefa (size before relaxing)
 .debug_str     0x000c0d1f      0x153 ./Application/User/Core/stm32f4xx_it.o
                              0xbc908 (size before relaxing)
 .debug_str     0x000c0e72       0x50 ./Application/User/Startup/startup_stm32f407vgtx.o
                                 0x89 (size before relaxing)
 .debug_str     0x000c0ec2       0xfe ./Drivers/CMSIS/system_stm32f4xx.o
                              0xbc50e (size before relaxing)
 .debug_str     0x000c0fc0      0x613 ./Drivers/STM32F4xx_HAL_Driver/stm32f4xx_hal.o
                              0xbd092 (size before relaxing)
 .debug_str     0x000c15d3      0x35d ./Drivers/STM32F4xx_HAL_Driver/stm32f4xx_hal_cortex.o
                              0xbcddc (size before relaxing)
 .debug_str     0x000c1930      0x33d ./Drivers/STM32F4xx_HAL_Driver/stm32f4xx_hal_dma.o
                              0xbc928 (size before relaxing)
 .debug_str     0x000c1c6d      0x144 ./Drivers/STM32F4xx_HAL_Driver/stm32f4xx_hal_gpio.o
                              0xbc689 (size before relaxing)
 .debug_str     0x000c1db1      0x256 ./Drivers/STM32F4xx_HAL_Driver/stm32f4xx_hal_rcc.o
                              0xbc942 (size before relaxing)
 .debug_str     0x000c2007      0x510 ./Drivers/STM32F4xx_HAL_Driver/stm32f4xx_hal_spi.o
                              0xbcdd2 (size before relaxing)

.comment        0x00000000       0x43
 .comment       0x00000000       0x43 ./Application/User/Core/MFRC522.o
                                 0x44 (size before relaxing)
 .comment       0x00000043       0x44 ./Application/User/Core/main.o
 .comment       0x00000043       0x44 ./Application/User/Core/stm32f4xx_hal_msp.o
 .comment       0x00000043       0x44 ./Application/User/Core/stm32f4xx_it.o
 .comment       0x00000043       0x44 ./Drivers/CMSIS/system_stm32f4xx.o
 .comment       0x00000043       0x44 ./Drivers/STM32F4xx_HAL_Driver/stm32f4xx_hal.o
 .comment       0x00000043       0x44 ./Drivers/STM32F4xx_HAL_Driver/stm32f4xx_hal_cortex.o
 .comment       0x00000043       0x44 ./Drivers/STM32F4xx_HAL_Driver/stm32f4xx_hal_dma.o
 .comment       0x00000043       0x44 ./Drivers/STM32F4xx_HAL_Driver/stm32f4xx_hal_gpio.o
 .comment       0x00000043       0x44 ./Drivers/STM32F4xx_HAL_Driver/stm32f4xx_hal_rcc.o
 .comment       0x00000043       0x44 ./Drivers/STM32F4xx_HAL_Driver/stm32f4xx_hal_spi.o

.debug_frame    0x00000000     0x1b10
 .debug_frame   0x00000000      0x16c ./Application/User/Core/MFRC522.o
 .debug_frame   0x0000016c       0xa8 ./Application/User/Core/main.o
 .debug_frame   0x00000214       0x7c ./Application/User/Core/stm32f4xx_hal_msp.o
 .debug_frame   0x00000290      0x198 ./Application/User/Core/stm32f4xx_it.o
 .debug_frame   0x00000428       0x58 ./Drivers/CMSIS/system_stm32f4xx.o
 .debug_frame   0x00000480      0x374 ./Drivers/STM32F4xx_HAL_Driver/stm32f4xx_hal.o
 .debug_frame   0x000007f4      0x4b8 ./Drivers/STM32F4xx_HAL_Driver/stm32f4xx_hal_cortex.o
 .debug_frame   0x00000cac      0x250 ./Drivers/STM32F4xx_HAL_Driver/stm32f4xx_hal_dma.o
 .debug_frame   0x00000efc      0x14c ./Drivers/STM32F4xx_HAL_Driver/stm32f4xx_hal_gpio.o
 .debug_frame   0x00001048      0x1f4 ./Drivers/STM32F4xx_HAL_Driver/stm32f4xx_hal_rcc.o
 .debug_frame   0x0000123c      0x828 ./Drivers/STM32F4xx_HAL_Driver/stm32f4xx_hal_spi.o
 .debug_frame   0x00001a64       0x20 C:/ST/STM32CubeIDE_1.15.1/STM32CubeIDE/plugins/com.st.stm32cube.ide.mcu.externaltools.gnu-tools-for-stm32.12.3.rel1.win32_1.0.100.202403111256/tools/bin/../lib/gcc/arm-none-eabi/12.3.1/../../../../arm-none-eabi/lib/thumb/v7e-m+fp/hard\libc_nano.a(libc_a-memset.o)
 .debug_frame   0x00001a84       0x2c C:/ST/STM32CubeIDE_1.15.1/STM32CubeIDE/plugins/com.st.stm32cube.ide.mcu.externaltools.gnu-tools-for-stm32.12.3.rel1.win32_1.0.100.202403111256/tools/bin/../lib/gcc/arm-none-eabi/12.3.1/../../../../arm-none-eabi/lib/thumb/v7e-m+fp/hard\libc_nano.a(libc_a-init.o)
 .debug_frame   0x00001ab0       0x2c C:/ST/STM32CubeIDE_1.15.1/STM32CubeIDE/plugins/com.st.stm32cube.ide.mcu.externaltools.gnu-tools-for-stm32.12.3.rel1.win32_1.0.100.202403111256/tools/bin/../lib/gcc/arm-none-eabi/12.3.1/thumb/v7e-m+fp/hard\libgcc.a(_aeabi_uldivmod.o)
 .debug_frame   0x00001adc       0x34 C:/ST/STM32CubeIDE_1.15.1/STM32CubeIDE/plugins/com.st.stm32cube.ide.mcu.externaltools.gnu-tools-for-stm32.12.3.rel1.win32_1.0.100.202403111256/tools/bin/../lib/gcc/arm-none-eabi/12.3.1/thumb/v7e-m+fp/hard\libgcc.a(_udivmoddi4.o)

.debug_line_str
                0x00000000       0x6d
 .debug_line_str
                0x00000000       0x6d ./Application/User/Startup/startup_stm32f407vgtx.o
