C:/Users/db/Desktop/stmf407VGT60/rfid/Core/Src/stm32f4xx_it.c:69:6:NMI_Handler	4	static
C:/Users/db/Desktop/stmf407VGT60/rfid/Core/Src/stm32f4xx_it.c:84:6:HardFault_Handler	4	static
C:/Users/db/Desktop/stmf407VGT60/rfid/Core/Src/stm32f4xx_it.c:99:6:MemManage_Handler	4	static
C:/Users/db/Desktop/stmf407VGT60/rfid/Core/Src/stm32f4xx_it.c:114:6:BusFault_Handler	4	static
C:/Users/db/Desktop/stmf407VGT60/rfid/Core/Src/stm32f4xx_it.c:129:6:UsageFault_Handler	4	static
C:/Users/db/Desktop/stmf407VGT60/rfid/Core/Src/stm32f4xx_it.c:144:6:SVC_Handler	4	static
C:/Users/db/Desktop/stmf407VGT60/rfid/Core/Src/stm32f4xx_it.c:157:6:DebugMon_Handler	4	static
C:/Users/db/Desktop/stmf407VGT60/rfid/Core/Src/stm32f4xx_it.c:170:6:PendSV_Handler	4	static
C:/Users/db/Desktop/stmf407VGT60/rfid/Core/Src/stm32f4xx_it.c:183:6:SysTick_Handler	8	static
C:/Users/db/Desktop/stmf407VGT60/rfid/Core/Src/stm32f4xx_it.c:204:6:SPI1_IRQHandler	8	static
C:/Users/db/Desktop/stmf407VGT60/rfid/Core/Src/stm32f4xx_it.c:216:6:HAL_SPI_TxCpltCallback	16	static
C:/Users/db/Desktop/stmf407VGT60/rfid/Core/Src/stm32f4xx_it.c:222:6:HAL_SPI_RxCpltCallback	16	static
C:/Users/db/Desktop/stmf407VGT60/rfid/Core/Src/stm32f4xx_it.c:230:6:HAL_SPI_ErrorCallback	16	static
