Archive member included to satisfy reference by file (symbol)

/Applications/STM32CubeIDE.app/Contents/Eclipse/plugins/com.st.stm32cube.ide.mcu.externaltools.gnu-tools-for-stm32.12.3.rel1.macos64_1.0.100.202403111906/tools/bin/../lib/gcc/arm-none-eabi/12.3.1/../../../../arm-none-eabi/lib/thumb/v7e-m+fp/hard/libc_nano.a(libc_a-exit.o)
                              /Applications/STM32CubeIDE.app/Contents/Eclipse/plugins/com.st.stm32cube.ide.mcu.externaltools.gnu-tools-for-stm32.12.3.rel1.macos64_1.0.100.202403111906/tools/bin/../lib/gcc/arm-none-eabi/12.3.1/../../../../arm-none-eabi/lib/thumb/v7e-m+fp/hard/crt0.o (exit)
/Applications/STM32CubeIDE.app/Contents/Eclipse/plugins/com.st.stm32cube.ide.mcu.externaltools.gnu-tools-for-stm32.12.3.rel1.macos64_1.0.100.202403111906/tools/bin/../lib/gcc/arm-none-eabi/12.3.1/../../../../arm-none-eabi/lib/thumb/v7e-m+fp/hard/libc_nano.a(libc_a-findfp.o)
                              /Applications/STM32CubeIDE.app/Contents/Eclipse/plugins/com.st.stm32cube.ide.mcu.externaltools.gnu-tools-for-stm32.12.3.rel1.macos64_1.0.100.202403111906/tools/bin/../lib/gcc/arm-none-eabi/12.3.1/../../../../arm-none-eabi/lib/thumb/v7e-m+fp/hard/libc_nano.a(libc_a-exit.o) (__stdio_exit_handler)
/Applications/STM32CubeIDE.app/Contents/Eclipse/plugins/com.st.stm32cube.ide.mcu.externaltools.gnu-tools-for-stm32.12.3.rel1.macos64_1.0.100.202403111906/tools/bin/../lib/gcc/arm-none-eabi/12.3.1/../../../../arm-none-eabi/lib/thumb/v7e-m+fp/hard/libc_nano.a(libc_a-fwalk.o)
                              /Applications/STM32CubeIDE.app/Contents/Eclipse/plugins/com.st.stm32cube.ide.mcu.externaltools.gnu-tools-for-stm32.12.3.rel1.macos64_1.0.100.202403111906/tools/bin/../lib/gcc/arm-none-eabi/12.3.1/../../../../arm-none-eabi/lib/thumb/v7e-m+fp/hard/libc_nano.a(libc_a-findfp.o) (_fwalk_sglue)
/Applications/STM32CubeIDE.app/Contents/Eclipse/plugins/com.st.stm32cube.ide.mcu.externaltools.gnu-tools-for-stm32.12.3.rel1.macos64_1.0.100.202403111906/tools/bin/../lib/gcc/arm-none-eabi/12.3.1/../../../../arm-none-eabi/lib/thumb/v7e-m+fp/hard/libc_nano.a(libc_a-memset.o)
                              /Applications/STM32CubeIDE.app/Contents/Eclipse/plugins/com.st.stm32cube.ide.mcu.externaltools.gnu-tools-for-stm32.12.3.rel1.macos64_1.0.100.202403111906/tools/bin/../lib/gcc/arm-none-eabi/12.3.1/../../../../arm-none-eabi/lib/thumb/v7e-m+fp/hard/crt0.o (memset)
/Applications/STM32CubeIDE.app/Contents/Eclipse/plugins/com.st.stm32cube.ide.mcu.externaltools.gnu-tools-for-stm32.12.3.rel1.macos64_1.0.100.202403111906/tools/bin/../lib/gcc/arm-none-eabi/12.3.1/../../../../arm-none-eabi/lib/thumb/v7e-m+fp/hard/libc_nano.a(libc_a-impure.o)
                              /Applications/STM32CubeIDE.app/Contents/Eclipse/plugins/com.st.stm32cube.ide.mcu.externaltools.gnu-tools-for-stm32.12.3.rel1.macos64_1.0.100.202403111906/tools/bin/../lib/gcc/arm-none-eabi/12.3.1/../../../../arm-none-eabi/lib/thumb/v7e-m+fp/hard/libc_nano.a(libc_a-findfp.o) (_impure_data)
/Applications/STM32CubeIDE.app/Contents/Eclipse/plugins/com.st.stm32cube.ide.mcu.externaltools.gnu-tools-for-stm32.12.3.rel1.macos64_1.0.100.202403111906/tools/bin/../lib/gcc/arm-none-eabi/12.3.1/../../../../arm-none-eabi/lib/thumb/v7e-m+fp/hard/libc_nano.a(libc_a-errno.o)
                              ./Application/User/Core/syscalls.o (__errno)
/Applications/STM32CubeIDE.app/Contents/Eclipse/plugins/com.st.stm32cube.ide.mcu.externaltools.gnu-tools-for-stm32.12.3.rel1.macos64_1.0.100.202403111906/tools/bin/../lib/gcc/arm-none-eabi/12.3.1/../../../../arm-none-eabi/lib/thumb/v7e-m+fp/hard/libc_nano.a(libc_a-init.o)
                              /Applications/STM32CubeIDE.app/Contents/Eclipse/plugins/com.st.stm32cube.ide.mcu.externaltools.gnu-tools-for-stm32.12.3.rel1.macos64_1.0.100.202403111906/tools/bin/../lib/gcc/arm-none-eabi/12.3.1/../../../../arm-none-eabi/lib/thumb/v7e-m+fp/hard/crt0.o (__libc_init_array)
/Applications/STM32CubeIDE.app/Contents/Eclipse/plugins/com.st.stm32cube.ide.mcu.externaltools.gnu-tools-for-stm32.12.3.rel1.macos64_1.0.100.202403111906/tools/bin/../lib/gcc/arm-none-eabi/12.3.1/../../../../arm-none-eabi/lib/thumb/v7e-m+fp/hard/libc_nano.a(libc_a-lock.o)
                              /Applications/STM32CubeIDE.app/Contents/Eclipse/plugins/com.st.stm32cube.ide.mcu.externaltools.gnu-tools-for-stm32.12.3.rel1.macos64_1.0.100.202403111906/tools/bin/../lib/gcc/arm-none-eabi/12.3.1/../../../../arm-none-eabi/lib/thumb/v7e-m+fp/hard/libc_nano.a(libc_a-findfp.o) (__retarget_lock_init_recursive)
/Applications/STM32CubeIDE.app/Contents/Eclipse/plugins/com.st.stm32cube.ide.mcu.externaltools.gnu-tools-for-stm32.12.3.rel1.macos64_1.0.100.202403111906/tools/bin/../lib/gcc/arm-none-eabi/12.3.1/../../../../arm-none-eabi/lib/thumb/v7e-m+fp/hard/libc_nano.a(libc_a-mallocr.o)
[...]
Memory Configuration

Name             Origin             Length             Attributes
CCMRAM           0x10000000         0x00010000         xrw
RAM              0x20000000         0x00020000         xrw
FLASH            0x08000000         0x00100000         xr
*default*        0x00000000         0xffffffff

Linker script and memory map

LOAD /Applications/STM32CubeIDE.app/Contents/Eclipse/plugins/com.st.stm32cube.ide.mcu.externaltools.gnu-tools-for-stm32.12.3.rel1.macos64_1.0.100.202403111906/tools/bin/../lib/gcc/arm-none-eabi/12.3.1/thumb/v7e-m+fp/hard/crti.o
LOAD /Applications/STM32CubeIDE.app/Contents/Eclipse/plugins/com.st.stm32cube.ide.mcu.externaltools.gnu-tools-for-stm32.12.3.rel1.macos64_1.0.100.202403111906/tools/bin/../lib/gcc/arm-none-eabi/12.3.1/thumb/v7e-m+fp/hard/crtbegin.o
LOAD /Applications/STM32CubeIDE.app/Contents/Eclipse/plugins/com.st.stm32cube.ide.mcu.externaltools.gnu-tools-for-stm32.12.3.rel1.macos64_1.0.100.202403111906/tools/bin/../lib/gcc/arm-none-eabi/12.3.1/../../../../arm-none-eabi/lib/thumb/v7e-m+fp/hard/crt0.o
LOAD ./Application/User/Core/gpio.o
LOAD ./Application/User/Core/main.o
LOAD ./Application/User/Core/spi.o
LOAD ./Application/User/Core/stm32f4xx_hal_msp.o
LOAD ./Application/User/Core/stm32f4xx_it.o
LOAD ./Application/User/Core/syscalls.o
LOAD ./Application/User/Core/sysmem.o
LOAD ./Application/User/Core/usart.o
LOAD ./Application/User/Startup/startup_stm32f407vgtx.o
LOAD ./Drivers/CMSIS/system_stm32f4xx.o
LOAD ./Drivers/STM32F4xx_HAL_Driver/stm32f4xx_hal.o
LOAD ./Drivers/STM32F4xx_HAL_Driver/stm32f4xx_hal_cortex.o
LOAD ./Drivers/STM32F4xx_HAL_Driver/stm32f4xx_hal_dma.o
LOAD ./Drivers/STM32F4xx_HAL_Driver/stm32f4xx_hal_dma_ex.o
LOAD ./Drivers/STM32F4xx_HAL_Driver/stm32f4xx_hal_exti.o
LOAD ./Drivers/STM32F4xx_HAL_Driver/stm32f4xx_hal_flash.o
LOAD ./Drivers/STM32F4xx_HAL_Driver/stm32f4xx_hal_flash_ex.o
LOAD ./Drivers/STM32F4xx_HAL_Driver/stm32f4xx_hal_flash_ramfunc.o
LOAD ./Drivers/STM32F4xx_HAL_Driver/stm32f4xx_hal_gpio.o
LOAD ./Drivers/STM32F4xx_HAL_Driver/stm32f4xx_hal_pwr.o
LOAD ./Drivers/STM32F4xx_HAL_Driver/stm32f4xx_hal_pwr_ex.o
LOAD ./Drivers/STM32F4xx_HAL_Driver/stm32f4xx_hal_rcc.o
LOAD ./Drivers/STM32F4xx_HAL_Driver/stm32f4xx_hal_rcc_ex.o
LOAD ./Drivers/STM32F4xx_HAL_Driver/stm32f4xx_hal_spi.o
LOAD ./Drivers/STM32F4xx_HAL_Driver/stm32f4xx_hal_tim.o
LOAD ./Drivers/STM32F4xx_HAL_Driver/stm32f4xx_hal_tim_ex.o
LOAD ./Drivers/STM32F4xx_HAL_Driver/stm32f4xx_hal_uart.o
START GROUP
LOAD /Applications/STM32CubeIDE.app/Contents/Eclipse/plugins/com.st.stm32cube.ide.mcu.externaltools.gnu-tools-for-stm32.12.3.rel1.macos64_1.0.100.202403111906/tools/bin/../lib/gcc/arm-none-eabi/12.3.1/../../../../arm-none-eabi/lib/thumb/v7e-m+fp/hard/libc_nano.a
LOAD /Applications/STM32CubeIDE.app/Contents/Eclipse/plugins/com.st.stm32cube.ide.mcu.externaltools.gnu-tools-for-stm32.12.3.rel1.macos64_1.0.100.202403111906/tools/bin/../lib/gcc/arm-none-eabi/12.3.1/../../../../arm-none-eabi/lib/thumb/v7e-m+fp/hard/libm.a
END GROUP
START GROUP
LOAD /Applications/STM32CubeIDE.app/Contents/Eclipse/plugins/com.st.stm32cube.ide.mcu.externaltools.gnu-tools-for-stm32.12.3.rel1.macos64_1.0.100.202403111906/tools/bin/../lib/gcc/arm-none-eabi/12.3.1/thumb/v7e-m+fp/hard/libgcc.a
LOAD /Applications/STM32CubeIDE.app/Contents/Eclipse/plugins/com.st.stm32cube.ide.mcu.externaltools.gnu-tools-for-stm32.12.3.rel1.macos64_1.0.100.202403111906/tools/bin/../lib/gcc/arm-none-eabi/12.3.1/../../../../arm-none-eabi/lib/thumb/v7e-m+fp/hard/libc_nano.a
END GROUP
START GROUP
LOAD /Applications/STM32CubeIDE.app/Contents/Eclipse/plugins/com.st.stm32cube.ide.mcu.externaltools.gnu-tools-for-stm32.12.3.rel1.macos64_1.0.100.202403111906/tools/bin/../lib/gcc/arm-none-eabi/12.3.1/thumb/v7e-m+fp/hard/libgcc.a
LOAD /Applications/STM32CubeIDE.app/Contents/Eclipse/plugins/com.st.stm32cube.ide.mcu.externaltools.gnu-tools-for-stm32.12.3.rel1.macos64_1.0.100.202403111906/tools/bin/../lib/gcc/arm-none-eabi/12.3.1/../../../../arm-none-eabi/lib/thumb/v7e-m+fp/hard/libc_nano.a
LOAD /Applications/STM32CubeIDE.app/Contents/Eclipse/plugins/com.st.stm32cube.ide.mcu.externaltools.gnu-tools-for-stm32.12.3.rel1.macos64_1.0.100.202403111906/tools/bin/../lib/gcc/arm-none-eabi/12.3.1/../../../../arm-none-eabi/lib/thumb/v7e-m+fp/hard/libnosys.a
END GROUP
START GROUP
LOAD /Applications/STM32CubeIDE.app/Contents/Eclipse/plugins/com.st.stm32cube.ide.mcu.externaltools.gnu-tools-for-stm32.12.3.rel1.macos64_1.0.100.202403111906/tools/bin/../lib/gcc/arm-none-eabi/12.3.1/thumb/v7e-m+fp/hard/libgcc.a
LOAD /Applications/STM32CubeIDE.app/Contents/Eclipse/plugins/com.st.stm32cube.ide.mcu.externaltools.gnu-tools-for-stm32.12.3.rel1.macos64_1.0.100.202403111906/tools/bin/../lib/gcc/arm-none-eabi/12.3.1/../../../../arm-none-eabi/lib/thumb/v7e-m+fp/hard/libc_nano.a
LOAD /Applications/STM32CubeIDE.app/Contents/Eclipse/plugins/com.st.stm32cube.ide.mcu.externaltools.gnu-tools-for-stm32.12.3.rel1.macos64_1.0.100.202403111906/tools/bin/../lib/gcc/arm-none-eabi/12.3.1/../../../../arm-none-eabi/lib/thumb/v7e-m+fp/hard/libnosys.a
END GROUP
LOAD /Applications/STM32CubeIDE.app/Contents/Eclipse/plugins/com.st.stm32cube.ide.mcu.externaltools.gnu-tools-for-stm32.12.3.rel1.macos64_1.0.100.202403111906/tools/bin/../lib/gcc/arm-none-eabi/12.3.1/thumb/v7e-m+fp/hard/crtend.o
LOAD /Applications/STM32CubeIDE.app/Contents/Eclipse/plugins/com.st.stm32cube.ide.mcu.externaltools.gnu-tools-for-stm32.12.3.rel1.macos64_1.0.100.202403111906/tools/bin/../lib/gcc/arm-none-eabi/12.3.1/thumb/v7e-m+fp/hard/crtn.o
                0x20020000                        _estack = (ORIGIN (RAM) + LENGTH (RAM))
                0x00000200                        _Min_Heap_Size = 0x200
                0x00000400                        _Min_Stack_Size = 0x400

.isr_vector     0x08000000      0x188
                0x08000000                        . = ALIGN (0x4)
 *(.isr_vector)
 .isr_vector    0x08000000      0x188 ./Application/User/Startup/startup_stm32f407vgtx.o
                0x08000000                g_pfnVectors
                0x08000188                        . = ALIGN (0x4)

.text           0x08000188     0x1e24
                0x08000188                        . = ALIGN (0x4)
 *(.text)
 .text          0x08000188       0x40 /Applications/STM32CubeIDE.app/Contents/Eclipse/plugins/com.st.stm32cube.ide.mcu.externaltools.gnu-tools-for-stm32.12.3.rel1.macos64_1.0.100.202403111906/tools/bin/../lib/gcc/arm-none-eabi/12.3.1/thumb/v7e-m+fp/hard/crtbegin.o
 .text          0x080001c8       0x30 /Applications/STM32CubeIDE.app/Contents/Eclipse/plugins/com.st.stm32cube.ide.mcu.externaltools.gnu-tools-for-stm32.12.3.rel1.macos64_1.0.100.202403111906/tools/bin/../lib/gcc/arm-none-eabi/12.3.1/thumb/v7e-m+fp/hard/libgcc.a(_aeabi_uldivmod.o)
                0x080001c8                __aeabi_uldivmod
 .text          0x080001f8      0x2bc /Applications/STM32CubeIDE.app/Contents/Eclipse/plugins/com.st.stm32cube.ide.mcu.externaltools.gnu-tools-for-stm32.12.3.rel1.macos64_1.0.100.202403111906/tools/bin/../lib/gcc/arm-none-eabi/12.3.1/thumb/v7e-m+fp/hard/libgcc.a(_udivmoddi4.o)
                0x080001f8                __udivmoddi4
 .text          0x080004b4        0x4 /Applications/STM32CubeIDE.app/Contents/Eclipse/plugins/com.st.stm32cube.ide.mcu.externaltools.gnu-tools-for-stm32.12.3.rel1.macos64_1.0.100.202403111906/tools/bin/../lib/gcc/arm-none-eabi/12.3.1/thumb/v7e-m+fp/hard/libgcc.a(_dvmd_tls.o)
                0x080004b4                __aeabi_ldiv0
                0x080004b4                __aeabi_idiv0
 *(.text*)
 .text.MX_GPIO_Init
                0x080004b8       0x84 ./Application/User/Core/gpio.o
                0x080004b8                MX_GPIO_Init
 .text.main     0x0800053c       0x1c ./Application/User/Core/main.o
                0x0800053c                main
 .text.SystemClock_Config
                0x08000558       0xd4 ./Application/User/Core/main.o
                0x08000558                SystemClock_Config
 .text.Error_Handler
                0x0800062c        0xc ./Application/User/Core/main.o
                0x0800062c                Error_Handler
 .text.MX_SPI1_Init
                0x08000638       0x70 ./Application/User/Core/spi.o
                0x08000638                MX_SPI1_Init
 .text.HAL_SPI_MspInit
                0x080006a8       0x90 ./Application/User/Core/spi.o
                0x080006a8                HAL_SPI_MspInit
 .text.HAL_MspInit
                0x08000738       0x50 ./Application/User/Core/stm32f4xx_hal_msp.o
                0x08000738                HAL_MspInit
 .text.NMI_Handler
                0x08000788        0x8 ./Application/User/Core/stm32f4xx_it.o
                0x08000788                NMI_Handler
 .text.HardFault_Handler
                0x08000790        0x8 ./Application/User/Core/stm32f4xx_it.o
                0x08000790                HardFault_Handler
 .text.MemManage_Handler
                0x08000798        0x8 ./Application/User/Core/stm32f4xx_it.o
                0x08000798                MemManage_Handler
 .text.BusFault_Handler
                0x080007a0        0x8 ./Application/User/Core/stm32f4xx_it.o
                0x080007a0                BusFault_Handler
 .text.UsageFault_Handler
                0x080007a8        0x8 ./Application/User/Core/stm32f4xx_it.o
                0x080007a8                UsageFault_Handler
 .text.SVC_Handler
                0x080007b0        0xe ./Application/User/Core/stm32f4xx_it.o
                0x080007b0                SVC_Handler
 .text.DebugMon_Handler
                0x080007be        0xe ./Application/User/Core/stm32f4xx_it.o
                0x080007be                DebugMon_Handler
 .text.PendSV_Handler
                0x080007cc        0xe ./Application/User/Core/stm32f4xx_it.o
                0x080007cc                PendSV_Handler
 .text.SysTick_Handler
                0x080007da        0xc ./Application/User/Core/stm32f4xx_it.o
                0x080007da                SysTick_Handler
 *fill*         0x080007e6        0x2 
 .text.MX_USART1_UART_Init
                0x080007e8       0x54 ./Application/User/Core/usart.o
                0x080007e8                MX_USART1_UART_Init
 .text.HAL_UART_MspInit
                0x0800083c       0x90 ./Application/User/Core/usart.o
                0x0800083c                HAL_UART_MspInit
 .text.Reset_Handler
                0x080008cc       0x50 ./Application/User/Startup/startup_stm32f407vgtx.o
                0x080008cc                Reset_Handler
 .text.Default_Handler
                0x0800091c        0x2 ./Application/User/Startup/startup_stm32f407vgtx.o
                0x0800091c                DMA1_Stream3_IRQHandler
                0x0800091c                HASH_RNG_IRQHandler
                0x0800091c                EXTI2_IRQHandler
                0x0800091c                TIM8_CC_IRQHandler
                0x0800091c                TIM1_CC_IRQHandler
                0x0800091c                DMA2_Stream5_IRQHandler
                0x0800091c                DMA1_Stream5_IRQHandler
                0x0800091c                PVD_IRQHandler
                0x0800091c                SDIO_IRQHandler
                0x0800091c                TAMP_STAMP_IRQHandler
                0x0800091c                CAN2_RX1_IRQHandler
                0x0800091c                EXTI3_IRQHandler
                0x0800091c                TIM8_TRG_COM_TIM14_IRQHandler
                0x0800091c                TIM1_UP_TIM10_IRQHandler
                0x0800091c                TIM8_UP_TIM13_IRQHandler
                0x0800091c                I2C3_ER_IRQHandler
                0x0800091c                EXTI0_IRQHandler
                0x0800091c                I2C2_EV_IRQHandler
                0x0800091c                DMA1_Stream2_IRQHandler
                0x0800091c                CAN1_RX0_IRQHandler
                0x0800091c                FPU_IRQHandler
                0x0800091c                OTG_HS_WKUP_IRQHandler
                0x0800091c                CAN2_SCE_IRQHandler
                0x0800091c                DMA2_Stream2_IRQHandler
                0x0800091c                SPI1_IRQHandler
                0x0800091c                TIM6_DAC_IRQHandler
                0x0800091c                TIM1_BRK_TIM9_IRQHandler
                0x0800091c                DCMI_IRQHandler
                0x0800091c                CAN2_RX0_IRQHandler
                0x0800091c                DMA2_Stream3_IRQHandler
                0x0800091c                USART6_IRQHandler
                0x0800091c                USART3_IRQHandler
                0x0800091c                CAN1_RX1_IRQHandler
                0x0800091c                UART5_IRQHandler
                0x0800091c                DMA2_Stream0_IRQHandler
                0x0800091c                TIM4_IRQHandler
                0x0800091c                I2C1_EV_IRQHandler
                0x0800091c                DMA1_Stream6_IRQHandler
                0x0800091c                DMA1_Stream1_IRQHandler
                0x0800091c                UART4_IRQHandler
                0x0800091c                TIM3_IRQHandler
                0x0800091c                RCC_IRQHandler
                0x0800091c                TIM8_BRK_TIM12_IRQHandler
                0x0800091c                Default_Handler
                0x0800091c                EXTI15_10_IRQHandler
                0x0800091c                ADC_IRQHandler
                0x0800091c                DMA1_Stream7_IRQHandler
                0x0800091c                TIM7_IRQHandler
                0x0800091c                CAN2_TX_IRQHandler
                0x0800091c                TIM5_IRQHandler
                0x0800091c                DMA2_Stream7_IRQHandler
                0x0800091c                I2C3_EV_IRQHandler
                0x0800091c                EXTI9_5_IRQHandler
                0x0800091c                RTC_WKUP_IRQHandler
                0x0800091c                ETH_WKUP_IRQHandler
                0x0800091c                SPI2_IRQHandler
                0x0800091c                OTG_HS_EP1_IN_IRQHandler
                0x0800091c                DMA1_Stream0_IRQHandler
                0x0800091c                CAN1_TX_IRQHandler
                0x0800091c                EXTI4_IRQHandler
                0x0800091c                FSMC_IRQHandler
                0x0800091c                ETH_IRQHandler
                0x0800091c                OTG_HS_EP1_OUT_IRQHandler
                0x0800091c                WWDG_IRQHandler
                0x0800091c                TIM2_IRQHandler
                0x0800091c                OTG_FS_WKUP_IRQHandler
                0x0800091c                TIM1_TRG_COM_TIM11_IRQHandler
                0x0800091c                OTG_HS_IRQHandler
                0x0800091c                EXTI1_IRQHandler
                0x0800091c                USART2_IRQHandler
                0x0800091c                I2C2_ER_IRQHandler
                0x0800091c                DMA2_Stream1_IRQHandler
                0x0800091c                CAN1_SCE_IRQHandler
                0x0800091c                FLASH_IRQHandler
                0x0800091c                DMA2_Stream4_IRQHandler
                0x0800091c                USART1_IRQHandler
                0x0800091c                OTG_FS_IRQHandler
                0x0800091c                SPI3_IRQHandler
                0x0800091c                DMA1_Stream4_IRQHandler
                0x0800091c                I2C1_ER_IRQHandler
                0x0800091c                DMA2_Stream6_IRQHandler
                0x0800091c                RTC_Alarm_IRQHandler
 *fill*         0x0800091e        0x2 
 .text.SystemInit
                0x08000920       0x24 ./Drivers/CMSIS/system_stm32f4xx.o
                0x08000920                SystemInit
 .text.HAL_Init
                0x08000944       0x44 ./Drivers/STM32F4xx_HAL_Driver/stm32f4xx_hal.o
                0x08000944                HAL_Init
 .text.HAL_InitTick
                0x08000988       0x60 ./Drivers/STM32F4xx_HAL_Driver/stm32f4xx_hal.o
                0x08000988                HAL_InitTick
 .text.HAL_IncTick
                0x080009e8       0x28 ./Drivers/STM32F4xx_HAL_Driver/stm32f4xx_hal.o
                0x080009e8                HAL_IncTick
 .text.HAL_GetTick
                0x08000a10       0x18 ./Drivers/STM32F4xx_HAL_Driver/stm32f4xx_hal.o
                0x08000a10                HAL_GetTick
 .text.__NVIC_SetPriorityGrouping
                0x08000a28       0x48 ./Drivers/STM32F4xx_HAL_Driver/stm32f4xx_hal_cortex.o
 .text.__NVIC_GetPriorityGrouping
                0x08000a70       0x1c ./Drivers/STM32F4xx_HAL_Driver/stm32f4xx_hal_cortex.o
 .text.__NVIC_SetPriority
                0x08000a8c       0x54 ./Drivers/STM32F4xx_HAL_Driver/stm32f4xx_hal_cortex.o
 .text.NVIC_EncodePriority
                0x08000ae0       0x66 ./Drivers/STM32F4xx_HAL_Driver/stm32f4xx_hal_cortex.o
 *fill*         0x08000b46        0x2 
 .text.SysTick_Config
                0x08000b48       0x44 ./Drivers/STM32F4xx_HAL_Driver/stm32f4xx_hal_cortex.o
 .text.HAL_NVIC_SetPriorityGrouping
                0x08000b8c       0x16 ./Drivers/STM32F4xx_HAL_Driver/stm32f4xx_hal_cortex.o
                0x08000b8c                HAL_NVIC_SetPriorityGrouping
 .text.HAL_NVIC_SetPriority
                0x08000ba2       0x38 ./Drivers/STM32F4xx_HAL_Driver/stm32f4xx_hal_cortex.o
                0x08000ba2                HAL_NVIC_SetPriority
 .text.HAL_SYSTICK_Config
                0x08000bda       0x18 ./Drivers/STM32F4xx_HAL_Driver/stm32f4xx_hal_cortex.o
                0x08000bda                HAL_SYSTICK_Config
 *fill*         0x08000bf2        0x2 
 .text.HAL_GPIO_Init
                0x08000bf4      0x338 ./Drivers/STM32F4xx_HAL_Driver/stm32f4xx_hal_gpio.o
                0x08000bf4                HAL_GPIO_Init
 .text.HAL_GPIO_WritePin
                0x08000f2c       0x32 ./Drivers/STM32F4xx_HAL_Driver/stm32f4xx_hal_gpio.o
                0x08000f2c                HAL_GPIO_WritePin
 *fill*         0x08000f5e        0x2 
 .text.HAL_RCC_OscConfig
                0x08000f60      0x4f0 ./Drivers/STM32F4xx_HAL_Driver/stm32f4xx_hal_rcc.o
                0x08000f60                HAL_RCC_OscConfig
 .text.HAL_RCC_ClockConfig
                0x08001450      0x1cc ./Drivers/STM32F4xx_HAL_Driver/stm32f4xx_hal_rcc.o
                0x08001450                HAL_RCC_ClockConfig
 .text.HAL_RCC_GetSysClockFreq
                0x0800161c      0x20c ./Drivers/STM32F4xx_HAL_Driver/stm32f4xx_hal_rcc.o
                0x0800161c                HAL_RCC_GetSysClockFreq
 .text.HAL_RCC_GetHCLKFreq
                0x08001828       0x18 ./Drivers/STM32F4xx_HAL_Driver/stm32f4xx_hal_rcc.o
                0x08001828                HAL_RCC_GetHCLKFreq
 .text.HAL_RCC_GetPCLK1Freq
                0x08001840       0x28 ./Drivers/STM32F4xx_HAL_Driver/stm32f4xx_hal_rcc.o
                0x08001840                HAL_RCC_GetPCLK1Freq
 .text.HAL_RCC_GetPCLK2Freq
                0x08001868       0x28 ./Drivers/STM32F4xx_HAL_Driver/stm32f4xx_hal_rcc.o
                0x08001868                HAL_RCC_GetPCLK2Freq
 .text.HAL_SPI_Init
                0x08001890      0x122 ./Drivers/STM32F4xx_HAL_Driver/stm32f4xx_hal_spi.o
                0x08001890                HAL_SPI_Init
 .text.HAL_UART_Init
                0x080019b2       0xa0 ./Drivers/STM32F4xx_HAL_Driver/stm32f4xx_hal_uart.o
                0x080019b2                HAL_UART_Init
 *fill*         0x08001a52        0x2 
 .text.UART_SetConfig
                0x08001a54      0x4e8 ./Drivers/STM32F4xx_HAL_Driver/stm32f4xx_hal_uart.o
 .text.memset   0x08001f3c       0x10 /Applications/STM32CubeIDE.app/Contents/Eclipse/plugins/com.st.stm32cube.ide.mcu.externaltools.gnu-tools-for-stm32.12.3.rel1.macos64_1.0.100.202403111906/tools/bin/../lib/gcc/arm-none-eabi/12.3.1/../../../../arm-none-eabi/lib/thumb/v7e-m+fp/hard/libc_nano.a(libc_a-memset.o)
                0x08001f3c                memset
 .text.__libc_init_array
                0x08001f4c       0x48 /Applications/STM32CubeIDE.app/Contents/Eclipse/plugins/com.st.stm32cube.ide.mcu.externaltools.gnu-tools-for-stm32.12.3.rel1.macos64_1.0.100.202403111906/tools/bin/../lib/gcc/arm-none-eabi/12.3.1/../../../../arm-none-eabi/lib/thumb/v7e-m+fp/hard/libc_nano.a(libc_a-init.o)
                0x08001f4c                __libc_init_array
 *(.glue_7)
 .glue_7        0x08001f94        0x0 linker stubs
 *(.glue_7t)
 .glue_7t       0x08001f94        0x0 linker stubs
 *(.eh_frame)
 .eh_frame      0x08001f94        0x0 /Applications/STM32CubeIDE.app/Contents/Eclipse/plugins/com.st.stm32cube.ide.mcu.externaltools.gnu-tools-for-stm32.12.3.rel1.macos64_1.0.100.202403111906/tools/bin/../lib/gcc/arm-none-eabi/12.3.1/thumb/v7e-m+fp/hard/crtbegin.o
 *(.init)
 .init          0x08001f94        0x4 /Applications/STM32CubeIDE.app/Contents/Eclipse/plugins/com.st.stm32cube.ide.mcu.externaltools.gnu-tools-for-stm32.12.3.rel1.macos64_1.0.100.202403111906/tools/bin/../lib/gcc/arm-none-eabi/12.3.1/thumb/v7e-m+fp/hard/crti.o
                0x08001f94                _init
 .init          0x08001f98        0x8 /Applications/STM32CubeIDE.app/Contents/Eclipse/plugins/com.st.stm32cube.ide.mcu.externaltools.gnu-tools-for-stm32.12.3.rel1.macos64_1.0.100.202403111906/tools/bin/../lib/gcc/arm-none-eabi/12.3.1/thumb/v7e-m+fp/hard/crtn.o
 *(.fini)
 .fini          0x08001fa0        0x4 /Applications/STM32CubeIDE.app/Contents/Eclipse/plugins/com.st.stm32cube.ide.mcu.externaltools.gnu-tools-for-stm32.12.3.rel1.macos64_1.0.100.202403111906/tools/bin/../lib/gcc/arm-none-eabi/12.3.1/thumb/v7e-m+fp/hard/crti.o
                0x08001fa0                _fini
 .fini          0x08001fa4        0x8 /Applications/STM32CubeIDE.app/Contents/Eclipse/plugins/com.st.stm32cube.ide.mcu.externaltools.gnu-tools-for-stm32.12.3.rel1.macos64_1.0.100.202403111906/tools/bin/../lib/gcc/arm-none-eabi/12.3.1/thumb/v7e-m+fp/hard/crtn.o
                0x08001fac                        . = ALIGN (0x4)
                0x08001fac                        _etext = .

.vfp11_veneer   0x08001fac        0x0
 .vfp11_veneer  0x08001fac        0x0 linker stubs

.v4_bx          0x08001fac        0x0
 .v4_bx         0x08001fac        0x0 linker stubs

.iplt           0x08001fac        0x0
 .iplt          0x08001fac        0x0 /Applications/STM32CubeIDE.app/Contents/Eclipse/plugins/com.st.stm32cube.ide.mcu.externaltools.gnu-tools-for-stm32.12.3.rel1.macos64_1.0.100.202403111906/tools/bin/../lib/gcc/arm-none-eabi/12.3.1/thumb/v7e-m+fp/hard/crtbegin.o

.rodata         0x08001fac       0x18
                0x08001fac                        . = ALIGN (0x4)
 *(.rodata)
 *(.rodata*)
 .rodata.AHBPrescTable
                0x08001fac       0x10 ./Drivers/CMSIS/system_stm32f4xx.o
                0x08001fac                AHBPrescTable
 .rodata.APBPrescTable
                0x08001fbc        0x8 ./Drivers/CMSIS/system_stm32f4xx.o
                0x08001fbc                APBPrescTable
                0x08001fc4                        . = ALIGN (0x4)

.ARM.extab      0x08001fc4        0x0
                0x08001fc4                        . = ALIGN (0x4)
 *(.ARM.extab* .gnu.linkonce.armextab.*)
                0x08001fc4                        . = ALIGN (0x4)

.ARM            0x08001fc4        0x8
                0x08001fc4                        . = ALIGN (0x4)
                0x08001fc4                        __exidx_start = .
 *(.ARM.exidx*)
 .ARM.exidx     0x08001fc4        0x8 /Applications/STM32CubeIDE.app/Contents/Eclipse/plugins/com.st.stm32cube.ide.mcu.externaltools.gnu-tools-for-stm32.12.3.rel1.macos64_1.0.100.202403111906/tools/bin/../lib/gcc/arm-none-eabi/12.3.1/thumb/v7e-m+fp/hard/libgcc.a(_udivmoddi4.o)
                0x08001fcc                        __exidx_end = .
                0x08001fcc                        . = ALIGN (0x4)

.preinit_array  0x08001fcc        0x0
                0x08001fcc                        . = ALIGN (0x4)
                0x08001fcc                        PROVIDE (__preinit_array_start = .)
 *(.preinit_array*)
                0x08001fcc                        PROVIDE (__preinit_array_end = .)
                0x08001fcc                        . = ALIGN (0x4)

.init_array     0x08001fcc        0x4
                0x08001fcc                        . = ALIGN (0x4)
                0x08001fcc                        PROVIDE (__init_array_start = .)
 *(SORT_BY_NAME(.init_array.*))
 *(.init_array*)
 .init_array    0x08001fcc        0x4 /Applications/STM32CubeIDE.app/Contents/Eclipse/plugins/com.st.stm32cube.ide.mcu.externaltools.gnu-tools-for-stm32.12.3.rel1.macos64_1.0.100.202403111906/tools/bin/../lib/gcc/arm-none-eabi/12.3.1/thumb/v7e-m+fp/hard/crtbegin.o
                0x08001fd0                        PROVIDE (__init_array_end = .)
                0x08001fd0                        . = ALIGN (0x4)

.fini_array     0x08001fd0        0x4
                0x08001fd0                        . = ALIGN (0x4)
                [!provide]                        PROVIDE (__fini_array_start = .)
 *(SORT_BY_NAME(.fini_array.*))
 *(.fini_array*)
 .fini_array    0x08001fd0        0x4 /Applications/STM32CubeIDE.app/Contents/Eclipse/plugins/com.st.stm32cube.ide.mcu.externaltools.gnu-tools-for-stm32.12.3.rel1.macos64_1.0.100.202403111906/tools/bin/../lib/gcc/arm-none-eabi/12.3.1/thumb/v7e-m+fp/hard/crtbegin.o
                [!provide]                        PROVIDE (__fini_array_end = .)
                0x08001fd4                        . = ALIGN (0x4)
                0x08001fd4                        _sidata = LOADADDR (.data)

.rel.dyn        0x08001fd4        0x0
 .rel.iplt      0x08001fd4        0x0 /Applications/STM32CubeIDE.app/Contents/Eclipse/plugins/com.st.stm32cube.ide.mcu.externaltools.gnu-tools-for-stm32.12.3.rel1.macos64_1.0.100.202403111906/tools/bin/../lib/gcc/arm-none-eabi/12.3.1/thumb/v7e-m+fp/hard/crtbegin.o

.data           0x20000000        0xc load address 0x08001fd4
                0x20000000                        . = ALIGN (0x4)
                0x20000000                        _sdata = .
 *(.data)
 *(.data*)
 .data.SystemCoreClock
                0x20000000        0x4 ./Drivers/CMSIS/system_stm32f4xx.o
                0x20000000                SystemCoreClock
 .data.uwTickPrio
                0x20000004        0x4 ./Drivers/STM32F4xx_HAL_Driver/stm32f4xx_hal.o
                0x20000004                uwTickPrio
 .data.uwTickFreq
                0x20000008        0x1 ./Drivers/STM32F4xx_HAL_Driver/stm32f4xx_hal.o
                0x20000008                uwTickFreq
 *(.RamFunc)
 *(.RamFunc*)
                0x2000000c                        . = ALIGN (0x4)
 *fill*         0x20000009        0x3 
                0x2000000c                        _edata = .
                0x08001fe0                        _siccmram = LOADADDR (.ccmram)

.igot.plt       0x2000000c        0x0 load address 0x08001fe0
 .igot.plt      0x2000000c        0x0 /Applications/STM32CubeIDE.app/Contents/Eclipse/plugins/com.st.stm32cube.ide.mcu.externaltools.gnu-tools-for-stm32.12.3.rel1.macos64_1.0.100.202403111906/tools/bin/../lib/gcc/arm-none-eabi/12.3.1/thumb/v7e-m+fp/hard/crtbegin.o

.ccmram         0x10000000        0x0 load address 0x08001fe0
                0x10000000                        . = ALIGN (0x4)
                0x10000000                        _sccmram = .
 *(.ccmram)
 *(.ccmram*)
                0x10000000                        . = ALIGN (0x4)
                0x10000000                        _eccmram = .
                0x10000000                        . = ALIGN (0x4)

.bss            0x2000000c       0xc0
                0x2000000c                        _sbss = .
                0x2000000c                        __bss_start__ = _sbss
 *(.bss)
 .bss           0x2000000c       0x1c /Applications/STM32CubeIDE.app/Contents/Eclipse/plugins/com.st.stm32cube.ide.mcu.externaltools.gnu-tools-for-stm32.12.3.rel1.macos64_1.0.100.202403111906/tools/bin/../lib/gcc/arm-none-eabi/12.3.1/thumb/v7e-m+fp/hard/crtbegin.o
 *(.bss*)
 .bss.hspi1     0x20000028       0x58 ./Application/User/Core/spi.o
                0x20000028                hspi1
 .bss.huart1    0x20000080       0x48 ./Application/User/Core/usart.o
                0x20000080                huart1
 .bss.uwTick    0x200000c8        0x4 ./Drivers/STM32F4xx_HAL_Driver/stm32f4xx_hal.o
                0x200000c8                uwTick
 *(COMMON)
                0x200000cc                        . = ALIGN (0x4)
                0x200000cc                        _ebss = .
                0x200000cc                        __bss_end__ = _ebss

._user_heap_stack
                0x200000cc      0x604
                0x200000d0                        . = ALIGN (0x8)
 *fill*         0x200000cc        0x4 
                [!provide]                        PROVIDE (end = .)
                0x200000d0                        PROVIDE (_end = .)
                0x200002d0                        . = (. + _Min_Heap_Size)
 *fill*         0x200000d0      0x200 
                0x200006d0                        . = (. + _Min_Stack_Size)
 *fill*         0x200002d0      0x400 
                0x200006d0                        . = ALIGN (0x8)

/DISCARD/
 libc.a(*)
 libm.a(*)
 libgcc.a(*)

.ARM.attributes
                0x00000000       0x30
 *(.ARM.attributes)
 .ARM.attributes
                0x00000000       0x22 /Applications/STM32CubeIDE.app/Contents/Eclipse/plugins/com.st.stm32cube.ide.mcu.externaltools.gnu-tools-for-stm32.12.3.rel1.macos64_1.0.100.202403111906/tools/bin/../lib/gcc/arm-none-eabi/12.3.1/thumb/v7e-m+fp/hard/crti.o
 .ARM.attributes
                0x00000022       0x34 /Applications/STM32CubeIDE.app/Contents/Eclipse/plugins/com.st.stm32cube.ide.mcu.externaltools.gnu-tools-for-stm32.12.3.rel1.macos64_1.0.100.202403111906/tools/bin/../lib/gcc/arm-none-eabi/12.3.1/thumb/v7e-m+fp/hard/crtbegin.o
 .ARM.attributes
                0x00000056       0x34 ./Application/User/Core/gpio.o
 .ARM.attributes
                0x0000008a       0x34 ./Application/User/Core/main.o
 .ARM.attributes
                0x000000be       0x34 ./Application/User/Core/spi.o
 .ARM.attributes
                0x000000f2       0x34 ./Application/User/Core/stm32f4xx_hal_msp.o
 .ARM.attributes
                0x00000126       0x34 ./Application/User/Core/stm32f4xx_it.o
 .ARM.attributes
                0x0000015a       0x34 ./Application/User/Core/usart.o
 .ARM.attributes
                0x0000018e       0x21 ./Application/User/Startup/startup_stm32f407vgtx.o
 .ARM.attributes
                0x000001af       0x34 ./Drivers/CMSIS/system_stm32f4xx.o
 .ARM.attributes
                0x000001e3       0x34 ./Drivers/STM32F4xx_HAL_Driver/stm32f4xx_hal.o
 .ARM.attributes
                0x00000217       0x34 ./Drivers/STM32F4xx_HAL_Driver/stm32f4xx_hal_cortex.o
 .ARM.attributes
                0x0000024b       0x34 ./Drivers/STM32F4xx_HAL_Driver/stm32f4xx_hal_gpio.o
 .ARM.attributes
                0x0000027f       0x34 ./Drivers/STM32F4xx_HAL_Driver/stm32f4xx_hal_rcc.o
 .ARM.attributes
                0x000002b3       0x34 ./Drivers/STM32F4xx_HAL_Driver/stm32f4xx_hal_spi.o
 .ARM.attributes
                0x000002e7       0x34 ./Drivers/STM32F4xx_HAL_Driver/stm32f4xx_hal_uart.o
 .ARM.attributes
                0x0000031b       0x34 /Applications/STM32CubeIDE.app/Contents/Eclipse/plugins/com.st.stm32cube.ide.mcu.externaltools.gnu-tools-for-stm32.12.3.rel1.macos64_1.0.100.202403111906/tools/bin/../lib/gcc/arm-none-eabi/12.3.1/../../../../arm-none-eabi/lib/thumb/v7e-m+fp/hard/libc_nano.a(libc_a-memset.o)
 .ARM.attributes
                0x0000034f       0x34 /Applications/STM32CubeIDE.app/Contents/Eclipse/plugins/com.st.stm32cube.ide.mcu.externaltools.gnu-tools-for-stm32.12.3.rel1.macos64_1.0.100.202403111906/tools/bin/../lib/gcc/arm-none-eabi/12.3.1/../../../../arm-none-eabi/lib/thumb/v7e-m+fp/hard/libc_nano.a(libc_a-init.o)
 .ARM.attributes
                0x00000383       0x22 /Applications/STM32CubeIDE.app/Contents/Eclipse/plugins/com.st.stm32cube.ide.mcu.externaltools.gnu-tools-for-stm32.12.3.rel1.macos64_1.0.100.202403111906/tools/bin/../lib/gcc/arm-none-eabi/12.3.1/thumb/v7e-m+fp/hard/libgcc.a(_aeabi_uldivmod.o)
 .ARM.attributes
                0x000003a5       0x34 /Applications/STM32CubeIDE.app/Contents/Eclipse/plugins/com.st.stm32cube.ide.mcu.externaltools.gnu-tools-for-stm32.12.3.rel1.macos64_1.0.100.202403111906/tools/bin/../lib/gcc/arm-none-eabi/12.3.1/thumb/v7e-m+fp/hard/libgcc.a(_udivmoddi4.o)
 .ARM.attributes
                0x000003d9       0x22 /Applications/STM32CubeIDE.app/Contents/Eclipse/plugins/com.st.stm32cube.ide.mcu.externaltools.gnu-tools-for-stm32.12.3.rel1.macos64_1.0.100.202403111906/tools/bin/../lib/gcc/arm-none-eabi/12.3.1/thumb/v7e-m+fp/hard/libgcc.a(_dvmd_tls.o)
 .ARM.attributes
                0x000003fb       0x22 /Applications/STM32CubeIDE.app/Contents/Eclipse/plugins/com.st.stm32cube.ide.mcu.externaltools.gnu-tools-for-stm32.12.3.rel1.macos64_1.0.100.202403111906/tools/bin/../lib/gcc/arm-none-eabi/12.3.1/thumb/v7e-m+fp/hard/crtn.o
OUTPUT(rfid_uart.elf elf32-littlearm)
LOAD linker stubs
LOAD /Applications/STM32CubeIDE.app/Contents/Eclipse/plugins/com.st.stm32cube.ide.mcu.externaltools.gnu-tools-for-stm32.12.3.rel1.macos64_1.0.100.202403111906/tools/bin/../lib/gcc/arm-none-eabi/12.3.1/../../../../arm-none-eabi/lib/thumb/v7e-m+fp/hard/libc.a
LOAD /Applications/STM32CubeIDE.app/Contents/Eclipse/plugins/com.st.stm32cube.ide.mcu.externaltools.gnu-tools-for-stm32.12.3.rel1.macos64_1.0.100.202403111906/tools/bin/../lib/gcc/arm-none-eabi/12.3.1/../../../../arm-none-eabi/lib/thumb/v7e-m+fp/hard/libm.a
LOAD /Applications/STM32CubeIDE.app/Contents/Eclipse/plugins/com.st.stm32cube.ide.mcu.externaltools.gnu-tools-for-stm32.12.3.rel1.macos64_1.0.100.202403111906/tools/bin/../lib/gcc/arm-none-eabi/12.3.1/thumb/v7e-m+fp/hard/libgcc.a

.debug_info     0x00000000     0x9047
 .debug_info    0x00000000      0x3d1 ./Application/User/Core/gpio.o
 .debug_info    0x000003d1      0x4b9 ./Application/User/Core/main.o
 .debug_info    0x0000088a      0x943 ./Application/User/Core/spi.o
 .debug_info    0x000011cd      0x27c ./Application/User/Core/stm32f4xx_hal_msp.o
 .debug_info    0x00001449      0x112 ./Application/User/Core/stm32f4xx_it.o
 .debug_info    0x0000155b      0x91d ./Application/User/Core/usart.o
 .debug_info    0x00001e78       0x30 ./Application/User/Startup/startup_stm32f407vgtx.o
 .debug_info    0x00001ea8      0x512 ./Drivers/CMSIS/system_stm32f4xx.o
 .debug_info    0x000023ba      0x944 ./Drivers/STM32F4xx_HAL_Driver/stm32f4xx_hal.o
 .debug_info    0x00002cfe      0xd57 ./Drivers/STM32F4xx_HAL_Driver/stm32f4xx_hal_cortex.o
 .debug_info    0x00003a55      0x6c3 ./Drivers/STM32F4xx_HAL_Driver/stm32f4xx_hal_gpio.o
 .debug_info    0x00004118      0x8b1 ./Drivers/STM32F4xx_HAL_Driver/stm32f4xx_hal_rcc.o
 .debug_info    0x000049c9     0x172f ./Drivers/STM32F4xx_HAL_Driver/stm32f4xx_hal_spi.o
 .debug_info    0x000060f8     0x2f4f ./Drivers/STM32F4xx_HAL_Driver/stm32f4xx_hal_uart.o

.debug_abbrev   0x00000000     0x1912
 .debug_abbrev  0x00000000      0x152 ./Application/User/Core/gpio.o
 .debug_abbrev  0x00000152      0x1d7 ./Application/User/Core/main.o
 .debug_abbrev  0x00000329      0x1f3 ./Application/User/Core/spi.o
 .debug_abbrev  0x0000051c       0xf4 ./Application/User/Core/stm32f4xx_hal_msp.o
 .debug_abbrev  0x00000610       0x73 ./Application/User/Core/stm32f4xx_it.o
 .debug_abbrev  0x00000683      0x1f9 ./Application/User/Core/usart.o
 .debug_abbrev  0x0000087c       0x24 ./Application/User/Startup/startup_stm32f407vgtx.o
 .debug_abbrev  0x000008a0      0x11a ./Drivers/CMSIS/system_stm32f4xx.o
 .debug_abbrev  0x000009ba      0x214 ./Drivers/STM32F4xx_HAL_Driver/stm32f4xx_hal.o
 .debug_abbrev  0x00000bce      0x328 ./Drivers/STM32F4xx_HAL_Driver/stm32f4xx_hal_cortex.o
 .debug_abbrev  0x00000ef6      0x1d4 ./Drivers/STM32F4xx_HAL_Driver/stm32f4xx_hal_gpio.o
 .debug_abbrev  0x000010ca      0x2b6 ./Drivers/STM32F4xx_HAL_Driver/stm32f4xx_hal_rcc.o
 .debug_abbrev  0x00001380      0x284 ./Drivers/STM32F4xx_HAL_Driver/stm32f4xx_hal_spi.o
 .debug_abbrev  0x00001604      0x30e ./Drivers/STM32F4xx_HAL_Driver/stm32f4xx_hal_uart.o

.debug_aranges  0x00000000      0x868
 .debug_aranges
                0x00000000       0x20 ./Application/User/Core/gpio.o
 .debug_aranges
                0x00000020       0x30 ./Application/User/Core/main.o
 .debug_aranges
                0x00000050       0x30 ./Application/User/Core/spi.o
 .debug_aranges
                0x00000080       0x20 ./Application/User/Core/stm32f4xx_hal_msp.o
 .debug_aranges
                0x000000a0       0x60 ./Application/User/Core/stm32f4xx_it.o
 .debug_aranges
                0x00000100       0x30 ./Application/User/Core/usart.o
 .debug_aranges
                0x00000130       0x28 ./Application/User/Startup/startup_stm32f407vgtx.o
 .debug_aranges
                0x00000158       0x28 ./Drivers/CMSIS/system_stm32f4xx.o
 .debug_aranges
                0x00000180       0xf0 ./Drivers/STM32F4xx_HAL_Driver/stm32f4xx_hal.o
 .debug_aranges
                0x00000270      0x120 ./Drivers/STM32F4xx_HAL_Driver/stm32f4xx_hal_cortex.o
 .debug_aranges
                0x00000390       0x58 ./Drivers/STM32F4xx_HAL_Driver/stm32f4xx_hal_gpio.o
 .debug_aranges
                0x000003e8       0x88 ./Drivers/STM32F4xx_HAL_Driver/stm32f4xx_hal_rcc.o
 .debug_aranges
                0x00000470      0x1f0 ./Drivers/STM32F4xx_HAL_Driver/stm32f4xx_hal_spi.o
 .debug_aranges
                0x00000660      0x208 ./Drivers/STM32F4xx_HAL_Driver/stm32f4xx_hal_uart.o

.debug_rnglists
                0x00000000      0x66d
 .debug_rnglists
                0x00000000       0x14 ./Application/User/Core/gpio.o
 .debug_rnglists
                0x00000014       0x20 ./Application/User/Core/main.o
 .debug_rnglists
                0x00000034       0x20 ./Application/User/Core/spi.o
 .debug_rnglists
                0x00000054       0x13 ./Application/User/Core/stm32f4xx_hal_msp.o
 .debug_rnglists
                0x00000067       0x43 ./Application/User/Core/stm32f4xx_it.o
 .debug_rnglists
                0x000000aa       0x20 ./Application/User/Core/usart.o
 .debug_rnglists
                0x000000ca       0x19 ./Application/User/Startup/startup_stm32f407vgtx.o
 .debug_rnglists
                0x000000e3       0x1a ./Drivers/CMSIS/system_stm32f4xx.o
 .debug_rnglists
                0x000000fd       0xaf ./Drivers/STM32F4xx_HAL_Driver/stm32f4xx_hal.o
 .debug_rnglists
                0x000001ac       0xd4 ./Drivers/STM32F4xx_HAL_Driver/stm32f4xx_hal_cortex.o
 .debug_rnglists
                0x00000280       0x3f ./Drivers/STM32F4xx_HAL_Driver/stm32f4xx_hal_gpio.o
 .debug_rnglists
                0x000002bf       0x66 ./Drivers/STM32F4xx_HAL_Driver/stm32f4xx_hal_rcc.o
 .debug_rnglists
                0x00000325      0x18c ./Drivers/STM32F4xx_HAL_Driver/stm32f4xx_hal_spi.o
 .debug_rnglists
                0x000004b1      0x1bc ./Drivers/STM32F4xx_HAL_Driver/stm32f4xx_hal_uart.o

.debug_macro    0x00000000    0x1fcb8
 .debug_macro   0x00000000      0x1dd ./Application/User/Core/gpio.o
 .debug_macro   0x000001dd      0xab4 ./Application/User/Core/gpio.o
 .debug_macro   0x00000c91      0x29b ./Application/User/Core/gpio.o
 .debug_macro   0x00000f2c       0x2e ./Application/User/Core/gpio.o
 .debug_macro   0x00000f5a       0x2f ./Application/User/Core/gpio.o
 .debug_macro   0x00000f89       0x22 ./Application/User/Core/gpio.o
 .debug_macro   0x00000fab       0x8e ./Application/User/Core/gpio.o
 .debug_macro   0x00001039       0x51 ./Application/User/Core/gpio.o
 .debug_macro   0x0000108a      0x103 ./Application/User/Core/gpio.o
 .debug_macro   0x0000118d       0x6a ./Application/User/Core/gpio.o
 .debug_macro   0x000011f7      0x1df ./Application/User/Core/gpio.o
 .debug_macro   0x000013d6       0x1c ./Application/User/Core/gpio.o
 .debug_macro   0x000013f2       0x22 ./Application/User/Core/gpio.o
 .debug_macro   0x00001414       0xfb ./Application/User/Core/gpio.o
 .debug_macro   0x0000150f     0x1011 ./Application/User/Core/gpio.o
 .debug_macro   0x00002520      0x11f ./Application/User/Core/gpio.o
 .debug_macro   0x0000263f    0x15e97 ./Application/User/Core/gpio.o
 .debug_macro   0x000184d6       0x6d ./Application/User/Core/gpio.o
 .debug_macro   0x00018543     0x368c ./Application/User/Core/gpio.o
 .debug_macro   0x0001bbcf      0x189 ./Application/User/Core/gpio.o
 .debug_macro   0x0001bd58       0x5c ./Application/User/Core/gpio.o
 .debug_macro   0x0001bdb4      0x980 ./Application/User/Core/gpio.o
 .debug_macro   0x0001c734      0x9e9 ./Application/User/Core/gpio.o
 .debug_macro   0x0001d11d      0x115 ./Application/User/Core/gpio.o
 .debug_macro   0x0001d232      0x13e ./Application/User/Core/gpio.o
 .debug_macro   0x0001d370       0xa5 ./Application/User/Core/gpio.o
 .debug_macro   0x0001d415      0x174 ./Application/User/Core/gpio.o
 .debug_macro   0x0001d589      0x287 ./Application/User/Core/gpio.o
 .debug_macro   0x0001d810       0x5f ./Application/User/Core/gpio.o
 .debug_macro   0x0001d86f      0x236 ./Application/User/Core/gpio.o
 .debug_macro   0x0001daa5      0x12c ./Application/User/Core/gpio.o
 .debug_macro   0x0001dbd1      0x21e ./Application/User/Core/gpio.o
 .debug_macro   0x0001ddef       0x2e ./Application/User/Core/gpio.o
 .debug_macro   0x0001de1d      0x127 ./Application/User/Core/gpio.o
 .debug_macro   0x0001df44       0x7e ./Application/User/Core/gpio.o
 .debug_macro   0x0001dfc2       0x89 ./Application/User/Core/gpio.o
 .debug_macro   0x0001e04b      0x225 ./Application/User/Core/gpio.o
 .debug_macro   0x0001e270      0x2aa ./Application/User/Core/gpio.o
 .debug_macro   0x0001e51a      0x12d ./Application/User/Core/gpio.o
 .debug_macro   0x0001e647       0x1c ./Application/User/Core/gpio.o
 .debug_macro   0x0001e663      0x1f5 ./Application/User/Core/main.o
 .debug_macro   0x0001e858      0x1dd ./Application/User/Core/spi.o
 .debug_macro   0x0001ea35      0x1d3 ./Application/User/Core/stm32f4xx_hal_msp.o
 .debug_macro   0x0001ec08      0x1dd ./Application/User/Core/stm32f4xx_it.o
 .debug_macro   0x0001ede5      0x1dd ./Application/User/Core/usart.o
 .debug_macro   0x0001efc2      0x1c4 ./Drivers/CMSIS/system_stm32f4xx.o
 .debug_macro   0x0001f186      0x224 ./Drivers/STM32F4xx_HAL_Driver/stm32f4xx_hal.o
 .debug_macro   0x0001f3aa      0x1c4 ./Drivers/STM32F4xx_HAL_Driver/stm32f4xx_hal_cortex.o
 .debug_macro   0x0001f56e      0x1ca ./Drivers/STM32F4xx_HAL_Driver/stm32f4xx_hal_gpio.o
 .debug_macro   0x0001f738      0x1e8 ./Drivers/STM32F4xx_HAL_Driver/stm32f4xx_hal_rcc.o
 .debug_macro   0x0001f920      0x1d3 ./Drivers/STM32F4xx_HAL_Driver/stm32f4xx_hal_spi.o
 .debug_macro   0x0001faf3      0x1c5 ./Drivers/STM32F4xx_HAL_Driver/stm32f4xx_hal_uart.o

.debug_line     0x00000000     0xab98
 .debug_line    0x00000000      0x705 ./Application/User/Core/gpio.o
 .debug_line    0x00000705      0x789 ./Application/User/Core/main.o
 .debug_line    0x00000e8e      0x769 ./Application/User/Core/spi.o
 .debug_line    0x000015f7      0x6f8 ./Application/User/Core/stm32f4xx_hal_msp.o
 .debug_line    0x00001cef      0x7ba ./Application/User/Core/stm32f4xx_it.o
 .debug_line    0x000024a9      0x761 ./Application/User/Core/usart.o
 .debug_line    0x00002c0a       0x7a ./Application/User/Startup/startup_stm32f407vgtx.o
 .debug_line    0x00002c84      0x77c ./Drivers/CMSIS/system_stm32f4xx.o
 .debug_line    0x00003400      0x9e5 ./Drivers/STM32F4xx_HAL_Driver/stm32f4xx_hal.o
 .debug_line    0x00003de5      0xcad ./Drivers/STM32F4xx_HAL_Driver/stm32f4xx_hal_cortex.o
 .debug_line    0x00004a92      0xb71 ./Drivers/STM32F4xx_HAL_Driver/stm32f4xx_hal_gpio.o
 .debug_line    0x00005603      0xd58 ./Drivers/STM32F4xx_HAL_Driver/stm32f4xx_hal_rcc.o
 .debug_line    0x0000635b     0x1f86 ./Drivers/STM32F4xx_HAL_Driver/stm32f4xx_hal_spi.o
 .debug_line    0x000082e1     0x28b7 ./Drivers/STM32F4xx_HAL_Driver/stm32f4xx_hal_uart.o

.debug_str      0x00000000    0xc0a89
 .debug_str     0x00000000    0xbe0fb ./Application/User/Core/gpio.o
                              0xbe36e (size before relaxing)
 .debug_str     0x000be0fb      0x225 ./Application/User/Core/main.o
                              0xbe4a3 (size before relaxing)
 .debug_str     0x000be320      0x452 ./Application/User/Core/spi.o
                              0xbe7fa (size before relaxing)
 .debug_str     0x000be772       0x68 ./Application/User/Core/stm32f4xx_hal_msp.o
                              0xbe2c0 (size before relaxing)
 .debug_str     0x000be7da       0xe8 ./Application/User/Core/stm32f4xx_it.o
                              0xbe229 (size before relaxing)
 .debug_str     0x000be8c2      0x203 ./Application/User/Core/usart.o
                              0xbe82b (size before relaxing)
 .debug_str     0x000beac5       0x50 ./Application/User/Startup/startup_stm32f407vgtx.o
                                 0x85 (size before relaxing)
 .debug_str     0x000beb15       0xfa ./Drivers/CMSIS/system_stm32f4xx.o
                              0xbe305 (size before relaxing)
 .debug_str     0x000bec0f      0xaff ./Drivers/STM32F4xx_HAL_Driver/stm32f4xx_hal.o
                              0xbee89 (size before relaxing)
 .debug_str     0x000bf70e      0x380 ./Drivers/STM32F4xx_HAL_Driver/stm32f4xx_hal_cortex.o
                              0xbebd3 (size before relaxing)
 .debug_str     0x000bfa8e      0x140 ./Drivers/STM32F4xx_HAL_Driver/stm32f4xx_hal_gpio.o
                              0xbe480 (size before relaxing)
 .debug_str     0x000bfbce      0x252 ./Drivers/STM32F4xx_HAL_Driver/stm32f4xx_hal_rcc.o
                              0xbe739 (size before relaxing)
 .debug_str     0x000bfe20      0x625 ./Drivers/STM32F4xx_HAL_Driver/stm32f4xx_hal_spi.o
                              0xbec30 (size before relaxing)
 .debug_str     0x000c0445      0x644 ./Drivers/STM32F4xx_HAL_Driver/stm32f4xx_hal_uart.o
                              0xbed1a (size before relaxing)

.comment        0x00000000       0x43
 .comment       0x00000000       0x43 ./Application/User/Core/gpio.o
                                 0x44 (size before relaxing)
 .comment       0x00000043       0x44 ./Application/User/Core/main.o
 .comment       0x00000043       0x44 ./Application/User/Core/spi.o
 .comment       0x00000043       0x44 ./Application/User/Core/stm32f4xx_hal_msp.o
 .comment       0x00000043       0x44 ./Application/User/Core/stm32f4xx_it.o
 .comment       0x00000043       0x44 ./Application/User/Core/usart.o
 .comment       0x00000043       0x44 ./Drivers/CMSIS/system_stm32f4xx.o
 .comment       0x00000043       0x44 ./Drivers/STM32F4xx_HAL_Driver/stm32f4xx_hal.o
 .comment       0x00000043       0x44 ./Drivers/STM32F4xx_HAL_Driver/stm32f4xx_hal_cortex.o
 .comment       0x00000043       0x44 ./Drivers/STM32F4xx_HAL_Driver/stm32f4xx_hal_gpio.o
 .comment       0x00000043       0x44 ./Drivers/STM32F4xx_HAL_Driver/stm32f4xx_hal_rcc.o
 .comment       0x00000043       0x44 ./Drivers/STM32F4xx_HAL_Driver/stm32f4xx_hal_spi.o
 .comment       0x00000043       0x44 ./Drivers/STM32F4xx_HAL_Driver/stm32f4xx_hal_uart.o

.debug_frame    0x00000000     0x2144
 .debug_frame   0x00000000       0x34 ./Application/User/Core/gpio.o
 .debug_frame   0x00000034       0x68 ./Application/User/Core/main.o
 .debug_frame   0x0000009c       0x74 ./Application/User/Core/spi.o
 .debug_frame   0x00000110       0x34 ./Application/User/Core/stm32f4xx_hal_msp.o
 .debug_frame   0x00000144      0x104 ./Application/User/Core/stm32f4xx_it.o
 .debug_frame   0x00000248       0x74 ./Application/User/Core/usart.o
 .debug_frame   0x000002bc       0x58 ./Drivers/CMSIS/system_stm32f4xx.o
 .debug_frame   0x00000314      0x374 ./Drivers/STM32F4xx_HAL_Driver/stm32f4xx_hal.o
 .debug_frame   0x00000688      0x4b8 ./Drivers/STM32F4xx_HAL_Driver/stm32f4xx_hal_cortex.o
 .debug_frame   0x00000b40      0x14c ./Drivers/STM32F4xx_HAL_Driver/stm32f4xx_hal_gpio.o
 .debug_frame   0x00000c8c      0x1f4 ./Drivers/STM32F4xx_HAL_Driver/stm32f4xx_hal_rcc.o
 .debug_frame   0x00000e80      0x8c4 ./Drivers/STM32F4xx_HAL_Driver/stm32f4xx_hal_spi.o
 .debug_frame   0x00001744      0x954 ./Drivers/STM32F4xx_HAL_Driver/stm32f4xx_hal_uart.o
 .debug_frame   0x00002098       0x20 /Applications/STM32CubeIDE.app/Contents/Eclipse/plugins/com.st.stm32cube.ide.mcu.externaltools.gnu-tools-for-stm32.12.3.rel1.macos64_1.0.100.202403111906/tools/bin/../lib/gcc/arm-none-eabi/12.3.1/../../../../arm-none-eabi/lib/thumb/v7e-m+fp/hard/libc_nano.a(libc_a-memset.o)
 .debug_frame   0x000020b8       0x2c /Applications/STM32CubeIDE.app/Contents/Eclipse/plugins/com.st.stm32cube.ide.mcu.externaltools.gnu-tools-for-stm32.12.3.rel1.macos64_1.0.100.202403111906/tools/bin/../lib/gcc/arm-none-eabi/12.3.1/../../../../arm-none-eabi/lib/thumb/v7e-m+fp/hard/libc_nano.a(libc_a-init.o)
 .debug_frame   0x000020e4       0x2c /Applications/STM32CubeIDE.app/Contents/Eclipse/plugins/com.st.stm32cube.ide.mcu.externaltools.gnu-tools-for-stm32.12.3.rel1.macos64_1.0.100.202403111906/tools/bin/../lib/gcc/arm-none-eabi/12.3.1/thumb/v7e-m+fp/hard/libgcc.a(_aeabi_uldivmod.o)
 .debug_frame   0x00002110       0x34 /Applications/STM32CubeIDE.app/Contents/Eclipse/plugins/com.st.stm32cube.ide.mcu.externaltools.gnu-tools-for-stm32.12.3.rel1.macos64_1.0.100.202403111906/tools/bin/../lib/gcc/arm-none-eabi/12.3.1/thumb/v7e-m+fp/hard/libgcc.a(_udivmoddi4.o)

.debug_line_str
                0x00000000       0x69
 .debug_line_str
                0x00000000       0x69 ./Application/User/Startup/startup_stm32f407vgtx.o
